Archive member included to satisfy reference by file (symbol)

D:/STM32CubeIDE_1.19.0/STM32CubeIDE/plugins/com.st.stm32cube.ide.mcu.externaltools.gnu-tools-for-stm32.13.3.rel1.win32_1.0.0.202411081344/tools/bin/../lib/gcc/arm-none-eabi/13.3.1/../../../../arm-none-eabi/lib/thumb/v7e-m+dp/hard\libc_nano.a(libc_a-exit.o)
                              D:/STM32CubeIDE_1.19.0/STM32CubeIDE/plugins/com.st.stm32cube.ide.mcu.externaltools.gnu-tools-for-stm32.13.3.rel1.win32_1.0.0.202411081344/tools/bin/../lib/gcc/arm-none-eabi/13.3.1/../../../../arm-none-eabi/lib/thumb/v7e-m+dp/hard/crt0.o (exit)
D:/STM32CubeIDE_1.19.0/STM32CubeIDE/plugins/com.st.stm32cube.ide.mcu.externaltools.gnu-tools-for-stm32.13.3.rel1.win32_1.0.0.202411081344/tools/bin/../lib/gcc/arm-none-eabi/13.3.1/../../../../arm-none-eabi/lib/thumb/v7e-m+dp/hard\libc_nano.a(libc_a-nano-vfprintf_float.o)
                              (_printf_float)
D:/STM32CubeIDE_1.19.0/STM32CubeIDE/plugins/com.st.stm32cube.ide.mcu.externaltools.gnu-tools-for-stm32.13.3.rel1.win32_1.0.0.202411081344/tools/bin/../lib/gcc/arm-none-eabi/13.3.1/../../../../arm-none-eabi/lib/thumb/v7e-m+dp/hard\libc_nano.a(libc_a-nano-vfprintf_i.o)
                              D:/STM32CubeIDE_1.19.0/STM32CubeIDE/plugins/com.st.stm32cube.ide.mcu.externaltools.gnu-tools-for-stm32.13.3.rel1.win32_1.0.0.202411081344/tools/bin/../lib/gcc/arm-none-eabi/13.3.1/../../../../arm-none-eabi/lib/thumb/v7e-m+dp/hard\libc_nano.a(libc_a-nano-vfprintf_float.o) (_printf_common)
D:/STM32CubeIDE_1.19.0/STM32CubeIDE/plugins/com.st.stm32cube.ide.mcu.externaltools.gnu-tools-for-stm32.13.3.rel1.win32_1.0.0.202411081344/tools/bin/../lib/gcc/arm-none-eabi/13.3.1/../../../../arm-none-eabi/lib/thumb/v7e-m+dp/hard\libc_nano.a(libc_a-findfp.o)
                              D:/STM32CubeIDE_1.19.0/STM32CubeIDE/plugins/com.st.stm32cube.ide.mcu.externaltools.gnu-tools-for-stm32.13.3.rel1.win32_1.0.0.202411081344/tools/bin/../lib/gcc/arm-none-eabi/13.3.1/../../../../arm-none-eabi/lib/thumb/v7e-m+dp/hard\libc_nano.a(libc_a-exit.o) (__stdio_exit_handler)
D:/STM32CubeIDE_1.19.0/STM32CubeIDE/plugins/com.st.stm32cube.ide.mcu.externaltools.gnu-tools-for-stm32.13.3.rel1.win32_1.0.0.202411081344/tools/bin/../lib/gcc/arm-none-eabi/13.3.1/../../../../arm-none-eabi/lib/thumb/v7e-m+dp/hard\libc_nano.a(libc_a-fwalk.o)
                              D:/STM32CubeIDE_1.19.0/STM32CubeIDE/plugins/com.st.stm32cube.ide.mcu.externaltools.gnu-tools-for-stm32.13.3.rel1.win32_1.0.0.202411081344/tools/bin/../lib/gcc/arm-none-eabi/13.3.1/../../../../arm-none-eabi/lib/thumb/v7e-m+dp/hard\libc_nano.a(libc_a-findfp.o) (_fwalk_sglue)
D:/STM32CubeIDE_1.19.0/STM32CubeIDE/plugins/com.st.stm32cube.ide.mcu.externaltools.gnu-tools-for-stm32.13.3.rel1.win32_1.0.0.202411081344/tools/bin/../lib/gcc/arm-none-eabi/13.3.1/../../../../arm-none-eabi/lib/thumb/v7e-m+dp/hard\libc_nano.a(libc_a-printf.o)
                              ./Core/Src/mpu6000.o (printf)
D:/STM32CubeIDE_1.19.0/STM32CubeIDE/plugins/com.st.stm32cube.ide.mcu.externaltools.gnu-tools-for-stm32.13.3.rel1.win32_1.0.0.202411081344/tools/bin/../lib/gcc/arm-none-eabi/13.3.1/../../../../arm-none-eabi/lib/thumb/v7e-m+dp/hard\libc_nano.a(libc_a-stdio.o)
                              D:/STM32CubeIDE_1.19.0/STM32CubeIDE/plugins/com.st.stm32cube.ide.mcu.externaltools.gnu-tools-for-stm32.13.3.rel1.win32_1.0.0.202411081344/tools/bin/../lib/gcc/arm-none-eabi/13.3.1/../../../../arm-none-eabi/lib/thumb/v7e-m+dp/hard\libc_nano.a(libc_a-findfp.o) (__sread)
D:/STM32CubeIDE_1.19.0/STM32CubeIDE/plugins/com.st.stm32cube.ide.mcu.externaltools.gnu-tools-for-stm32.13.3.rel1.win32_1.0.0.202411081344/tools/bin/../lib/gcc/arm-none-eabi/13.3.1/../../../../arm-none-eabi/lib/thumb/v7e-m+dp/hard\libc_nano.a(libc_a-memset.o)
                              D:/STM32CubeIDE_1.19.0/STM32CubeIDE/plugins/com.st.stm32cube.ide.mcu.externaltools.gnu-tools-for-stm32.13.3.rel1.win32_1.0.0.202411081344/tools/bin/../lib/gcc/arm-none-eabi/13.3.1/../../../../arm-none-eabi/lib/thumb/v7e-m+dp/hard/crt0.o (memset)
D:/STM32CubeIDE_1.19.0/STM32CubeIDE/plugins/com.st.stm32cube.ide.mcu.externaltools.gnu-tools-for-stm32.13.3.rel1.win32_1.0.0.202411081344/tools/bin/../lib/gcc/arm-none-eabi/13.3.1/../../../../arm-none-eabi/lib/thumb/v7e-m+dp/hard\libc_nano.a(libc_a-localeconv.o)
                              D:/STM32CubeIDE_1.19.0/STM32CubeIDE/plugins/com.st.stm32cube.ide.mcu.externaltools.gnu-tools-for-stm32.13.3.rel1.win32_1.0.0.202411081344/tools/bin/../lib/gcc/arm-none-eabi/13.3.1/../../../../arm-none-eabi/lib/thumb/v7e-m+dp/hard\libc_nano.a(libc_a-nano-vfprintf_float.o) (_localeconv_r)
D:/STM32CubeIDE_1.19.0/STM32CubeIDE/plugins/com.st.stm32cube.ide.mcu.externaltools.gnu-tools-for-stm32.13.3.rel1.win32_1.0.0.202411081344/tools/bin/../lib/gcc/arm-none-eabi/13.3.1/../../../../arm-none-eabi/lib/thumb/v7e-m+dp/hard\libc_nano.a(libc_a-closer.o)
[...]
Memory Configuration

Name             Origin             Length             Attributes
FLASH            0x08000000         0x00200000         xr
DTCMRAM          0x20000000         0x00020000         xrw
RAM_D1           0x24000000         0x00080000         xrw
RAM_D2           0x30000000         0x00048000         xrw
RAM_D3           0x38000000         0x00010000         xrw
ITCMRAM          0x00000000         0x00010000         xrw
*default*        0x00000000         0xffffffff

Linker script and memory map

LOAD D:/STM32CubeIDE_1.19.0/STM32CubeIDE/plugins/com.st.stm32cube.ide.mcu.externaltools.gnu-tools-for-stm32.13.3.rel1.win32_1.0.0.202411081344/tools/bin/../lib/gcc/arm-none-eabi/13.3.1/thumb/v7e-m+dp/hard/crti.o
LOAD D:/STM32CubeIDE_1.19.0/STM32CubeIDE/plugins/com.st.stm32cube.ide.mcu.externaltools.gnu-tools-for-stm32.13.3.rel1.win32_1.0.0.202411081344/tools/bin/../lib/gcc/arm-none-eabi/13.3.1/thumb/v7e-m+dp/hard/crtbegin.o
LOAD D:/STM32CubeIDE_1.19.0/STM32CubeIDE/plugins/com.st.stm32cube.ide.mcu.externaltools.gnu-tools-for-stm32.13.3.rel1.win32_1.0.0.202411081344/tools/bin/../lib/gcc/arm-none-eabi/13.3.1/../../../../arm-none-eabi/lib/thumb/v7e-m+dp/hard/crt0.o
LOAD ./Core/Src/dma.o
LOAD ./Core/Src/dshot.o
LOAD ./Core/Src/filter.o
LOAD ./Core/Src/gpio.o
LOAD ./Core/Src/main.o
LOAD ./Core/Src/mpu6000.o
LOAD ./Core/Src/pid.o
LOAD ./Core/Src/spi.o
LOAD ./Core/Src/stm32h7xx_hal_msp.o
LOAD ./Core/Src/stm32h7xx_it.o
LOAD ./Core/Src/syscalls.o
LOAD ./Core/Src/sysmem.o
LOAD ./Core/Src/system_stm32h7xx.o
LOAD ./Core/Src/tim.o
LOAD ./Core/Startup/startup_stm32h743vitx.o
LOAD ./Drivers/STM32H7xx_HAL_Driver/Src/stm32h7xx_hal.o
LOAD ./Drivers/STM32H7xx_HAL_Driver/Src/stm32h7xx_hal_cortex.o
LOAD ./Drivers/STM32H7xx_HAL_Driver/Src/stm32h7xx_hal_dma.o
LOAD ./Drivers/STM32H7xx_HAL_Driver/Src/stm32h7xx_hal_dma_ex.o
LOAD ./Drivers/STM32H7xx_HAL_Driver/Src/stm32h7xx_hal_exti.o
LOAD ./Drivers/STM32H7xx_HAL_Driver/Src/stm32h7xx_hal_flash.o
LOAD ./Drivers/STM32H7xx_HAL_Driver/Src/stm32h7xx_hal_flash_ex.o
LOAD ./Drivers/STM32H7xx_HAL_Driver/Src/stm32h7xx_hal_gpio.o
LOAD ./Drivers/STM32H7xx_HAL_Driver/Src/stm32h7xx_hal_hsem.o
LOAD ./Drivers/STM32H7xx_HAL_Driver/Src/stm32h7xx_hal_i2c.o
LOAD ./Drivers/STM32H7xx_HAL_Driver/Src/stm32h7xx_hal_i2c_ex.o
LOAD ./Drivers/STM32H7xx_HAL_Driver/Src/stm32h7xx_hal_mdma.o
LOAD ./Drivers/STM32H7xx_HAL_Driver/Src/stm32h7xx_hal_pwr.o
LOAD ./Drivers/STM32H7xx_HAL_Driver/Src/stm32h7xx_hal_pwr_ex.o
LOAD ./Drivers/STM32H7xx_HAL_Driver/Src/stm32h7xx_hal_rcc.o
LOAD ./Drivers/STM32H7xx_HAL_Driver/Src/stm32h7xx_hal_rcc_ex.o
LOAD ./Drivers/STM32H7xx_HAL_Driver/Src/stm32h7xx_hal_spi.o
LOAD ./Drivers/STM32H7xx_HAL_Driver/Src/stm32h7xx_hal_spi_ex.o
LOAD ./Drivers/STM32H7xx_HAL_Driver/Src/stm32h7xx_hal_tim.o
LOAD ./Drivers/STM32H7xx_HAL_Driver/Src/stm32h7xx_hal_tim_ex.o
START GROUP
LOAD D:/STM32CubeIDE_1.19.0/STM32CubeIDE/plugins/com.st.stm32cube.ide.mcu.externaltools.gnu-tools-for-stm32.13.3.rel1.win32_1.0.0.202411081344/tools/bin/../lib/gcc/arm-none-eabi/13.3.1/../../../../arm-none-eabi/lib/thumb/v7e-m+dp/hard\libc_nano.a
LOAD D:/STM32CubeIDE_1.19.0/STM32CubeIDE/plugins/com.st.stm32cube.ide.mcu.externaltools.gnu-tools-for-stm32.13.3.rel1.win32_1.0.0.202411081344/tools/bin/../lib/gcc/arm-none-eabi/13.3.1/../../../../arm-none-eabi/lib/thumb/v7e-m+dp/hard\libm.a
END GROUP
START GROUP
LOAD D:/STM32CubeIDE_1.19.0/STM32CubeIDE/plugins/com.st.stm32cube.ide.mcu.externaltools.gnu-tools-for-stm32.13.3.rel1.win32_1.0.0.202411081344/tools/bin/../lib/gcc/arm-none-eabi/13.3.1/thumb/v7e-m+dp/hard\libgcc.a
LOAD D:/STM32CubeIDE_1.19.0/STM32CubeIDE/plugins/com.st.stm32cube.ide.mcu.externaltools.gnu-tools-for-stm32.13.3.rel1.win32_1.0.0.202411081344/tools/bin/../lib/gcc/arm-none-eabi/13.3.1/../../../../arm-none-eabi/lib/thumb/v7e-m+dp/hard\libc_nano.a
END GROUP
START GROUP
LOAD D:/STM32CubeIDE_1.19.0/STM32CubeIDE/plugins/com.st.stm32cube.ide.mcu.externaltools.gnu-tools-for-stm32.13.3.rel1.win32_1.0.0.202411081344/tools/bin/../lib/gcc/arm-none-eabi/13.3.1/thumb/v7e-m+dp/hard\libgcc.a
LOAD D:/STM32CubeIDE_1.19.0/STM32CubeIDE/plugins/com.st.stm32cube.ide.mcu.externaltools.gnu-tools-for-stm32.13.3.rel1.win32_1.0.0.202411081344/tools/bin/../lib/gcc/arm-none-eabi/13.3.1/../../../../arm-none-eabi/lib/thumb/v7e-m+dp/hard\libc_nano.a
LOAD D:/STM32CubeIDE_1.19.0/STM32CubeIDE/plugins/com.st.stm32cube.ide.mcu.externaltools.gnu-tools-for-stm32.13.3.rel1.win32_1.0.0.202411081344/tools/bin/../lib/gcc/arm-none-eabi/13.3.1/../../../../arm-none-eabi/lib/thumb/v7e-m+dp/hard\libnosys.a
END GROUP
START GROUP
LOAD D:/STM32CubeIDE_1.19.0/STM32CubeIDE/plugins/com.st.stm32cube.ide.mcu.externaltools.gnu-tools-for-stm32.13.3.rel1.win32_1.0.0.202411081344/tools/bin/../lib/gcc/arm-none-eabi/13.3.1/thumb/v7e-m+dp/hard\libgcc.a
LOAD D:/STM32CubeIDE_1.19.0/STM32CubeIDE/plugins/com.st.stm32cube.ide.mcu.externaltools.gnu-tools-for-stm32.13.3.rel1.win32_1.0.0.202411081344/tools/bin/../lib/gcc/arm-none-eabi/13.3.1/../../../../arm-none-eabi/lib/thumb/v7e-m+dp/hard\libc_nano.a
LOAD D:/STM32CubeIDE_1.19.0/STM32CubeIDE/plugins/com.st.stm32cube.ide.mcu.externaltools.gnu-tools-for-stm32.13.3.rel1.win32_1.0.0.202411081344/tools/bin/../lib/gcc/arm-none-eabi/13.3.1/../../../../arm-none-eabi/lib/thumb/v7e-m+dp/hard\libnosys.a
END GROUP
LOAD D:/STM32CubeIDE_1.19.0/STM32CubeIDE/plugins/com.st.stm32cube.ide.mcu.externaltools.gnu-tools-for-stm32.13.3.rel1.win32_1.0.0.202411081344/tools/bin/../lib/gcc/arm-none-eabi/13.3.1/thumb/v7e-m+dp/hard/crtend.o
LOAD D:/STM32CubeIDE_1.19.0/STM32CubeIDE/plugins/com.st.stm32cube.ide.mcu.externaltools.gnu-tools-for-stm32.13.3.rel1.win32_1.0.0.202411081344/tools/bin/../lib/gcc/arm-none-eabi/13.3.1/thumb/v7e-m+dp/hard/crtn.o
                0x24080000                        _estack = (ORIGIN (RAM_D1) + LENGTH (RAM_D1))
                0x00000200                        _Min_Heap_Size = 0x200
                0x00000400                        _Min_Stack_Size = 0x400

.isr_vector     0x08000000      0x298
                0x08000000                        . = ALIGN (0x4)
 *(.isr_vector)
 .isr_vector    0x08000000      0x298 ./Core/Startup/startup_stm32h743vitx.o
                0x08000000                g_pfnVectors
                0x08000298                        . = ALIGN (0x4)

.text           0x080002a0     0xe394
                0x080002a0                        . = ALIGN (0x4)
 *(.text)
 .text          0x080002a0       0x40 D:/STM32CubeIDE_1.19.0/STM32CubeIDE/plugins/com.st.stm32cube.ide.mcu.externaltools.gnu-tools-for-stm32.13.3.rel1.win32_1.0.0.202411081344/tools/bin/../lib/gcc/arm-none-eabi/13.3.1/thumb/v7e-m+dp/hard/crtbegin.o
 .text          0x080002e0       0xa0 D:/STM32CubeIDE_1.19.0/STM32CubeIDE/plugins/com.st.stm32cube.ide.mcu.externaltools.gnu-tools-for-stm32.13.3.rel1.win32_1.0.0.202411081344/tools/bin/../lib/gcc/arm-none-eabi/13.3.1/../../../../arm-none-eabi/lib/thumb/v7e-m+dp/hard\libc_nano.a(libc_a-memchr.o)
                0x080002e0                memchr
 .text          0x08000380       0x10 D:/STM32CubeIDE_1.19.0/STM32CubeIDE/plugins/com.st.stm32cube.ide.mcu.externaltools.gnu-tools-for-stm32.13.3.rel1.win32_1.0.0.202411081344/tools/bin/../lib/gcc/arm-none-eabi/13.3.1/../../../../arm-none-eabi/lib/thumb/v7e-m+dp/hard\libc_nano.a(libc_a-strlen.o)
                0x08000380                strlen
 .text          0x08000390      0x378 D:/STM32CubeIDE_1.19.0/STM32CubeIDE/plugins/com.st.stm32cube.ide.mcu.externaltools.gnu-tools-for-stm32.13.3.rel1.win32_1.0.0.202411081344/tools/bin/../lib/gcc/arm-none-eabi/13.3.1/thumb/v7e-m+dp/hard\libgcc.a(_arm_addsubdf3.o)
                0x08000390                __aeabi_drsub
                0x08000398                __aeabi_dsub
                0x08000398                __subdf3
                0x0800039c                __aeabi_dadd
                0x0800039c                __adddf3
                0x08000614                __floatunsidf
                0x08000614                __aeabi_ui2d
                0x08000634                __floatsidf
                0x08000634                __aeabi_i2d
                0x08000658                __aeabi_f2d
                0x08000658                __extendsfdf2
                0x0800069c                __floatundidf
                0x0800069c                __aeabi_ul2d
                0x080006ac                __floatdidf
                0x080006ac                __aeabi_l2d
 *(.text*)
 .text.MX_DMA_Init
                0x08000708       0xb0 ./Core/Src/dma.o
                0x08000708                MX_DMA_Init
 .text.Dshot_CalculateCRCandTelemtryBit
                0x080007b8       0x38 ./Core/Src/dshot.o
                0x080007b8                Dshot_CalculateCRCandTelemtryBit
 .text.Dshot_GetDshotFrame
                0x080007f0       0x2c ./Core/Src/dshot.o
                0x080007f0                Dshot_GetDshotFrame
 .text.Dshot_DMABuffer_init
                0x0800081c       0x34 ./Core/Src/dshot.o
                0x0800081c                Dshot_DMABuffer_init
 .text.Dshot_MemoryBuffer_init
                0x08000850       0x34 ./Core/Src/dshot.o
                0x08000850                Dshot_MemoryBuffer_init
 .text.Dshot_Calibrate
                0x08000884       0x34 ./Core/Src/dshot.o
                0x08000884                Dshot_Calibrate
 .text.Dshot_PrepareFrame
                0x080008b8       0x58 ./Core/Src/dshot.o
                0x080008b8                Dshot_PrepareFrame
 .text.IIR_Filter_1D_Init
                0x08000910       0x38 ./Core/Src/filter.o
                0x08000910                IIR_Filter_1D_Init
 .text.IIR_Filter_1D_Update
                0x08000948       0x66 ./Core/Src/filter.o
                0x08000948                IIR_Filter_1D_Update
 .text.IIR_Filter_3D_Init
                0x080009ae       0x4c ./Core/Src/filter.o
                0x080009ae                IIR_Filter_3D_Init
 .text.IIR_Filter_3D_Update
                0x080009fa       0x68 ./Core/Src/filter.o
                0x080009fa                IIR_Filter_3D_Update
 *fill*         0x08000a62        0x2 
 .text.MX_GPIO_Init
                0x08000a64       0xf8 ./Core/Src/gpio.o
                0x08000a64                MX_GPIO_Init
 .text.HAL_SPI_TxCpltCallback
                0x08000b5c       0x30 ./Core/Src/main.o
                0x08000b5c                HAL_SPI_TxCpltCallback
 .text.HAL_SPI_TxRxCpltCallback
                0x08000b8c       0x38 ./Core/Src/main.o
                0x08000b8c                HAL_SPI_TxRxCpltCallback
 .text.HAL_TIM_PeriodElapsedCallback
                0x08000bc4       0x38 ./Core/Src/main.o
                0x08000bc4                HAL_TIM_PeriodElapsedCallback
 .text.HAL_TIM_PWM_PulseFinishedHalfCpltCallback
                0x08000bfc       0xd8 ./Core/Src/main.o
                0x08000bfc                HAL_TIM_PWM_PulseFinishedHalfCpltCallback
 .text.init_PIDs
                0x08000cd4       0xc8 ./Core/Src/main.o
                0x08000cd4                init_PIDs
 *fill*         0x08000d9c        0x4 
 .text.main     0x08000da0      0x740 ./Core/Src/main.o
                0x08000da0                main
 .text.SystemClock_Config
                0x080014e0       0xf8 ./Core/Src/main.o
                0x080014e0                SystemClock_Config
 .text.Error_Handler
                0x080015d8        0xc ./Core/Src/main.o
                0x080015d8                Error_Handler
 .text.MPU6000_Read
                0x080015e4       0x74 ./Core/Src/mpu6000.o
                0x080015e4                MPU6000_Read
 .text.MPU6000_Write
                0x08001658       0x70 ./Core/Src/mpu6000.o
                0x08001658                MPU6000_Write
 .text.MPU6000_Init
                0x080016c8       0xa8 ./Core/Src/mpu6000.o
                0x080016c8                MPU6000_Init
 .text.MPU6000_Start_DMA
                0x08001770       0x6c ./Core/Src/mpu6000.o
                0x08001770                MPU6000_Start_DMA
 .text.MPU6000_Process_DMA
                0x080017dc      0x214 ./Core/Src/mpu6000.o
                0x080017dc                MPU6000_Process_DMA
 .text.MPU6000_Calibrate
                0x080019f0      0x16a ./Core/Src/mpu6000.o
                0x080019f0                MPU6000_Calibrate
 .text.PID_Init
                0x08001b5a       0x7e ./Core/Src/pid.o
                0x08001b5a                PID_Init
 .text.PID_Double_Calculation
                0x08001bd8      0x242 ./Core/Src/pid.o
                0x08001bd8                PID_Double_Calculation
 *fill*         0x08001e1a        0x2 
 .text.PID_Yaw_Angle_Calculation
                0x08001e1c      0x114 ./Core/Src/pid.o
                0x08001e1c                PID_Yaw_Angle_Calculation
 .text.MX_SPI4_Init
                0x08001f30       0xc0 ./Core/Src/spi.o
                0x08001f30                MX_SPI4_Init
 .text.HAL_SPI_MspInit
                0x08001ff0      0x1ac ./Core/Src/spi.o
                0x08001ff0                HAL_SPI_MspInit
 .text.HAL_MspInit
                0x0800219c       0x34 ./Core/Src/stm32h7xx_hal_msp.o
                0x0800219c                HAL_MspInit
 .text.NMI_Handler
                0x080021d0        0x8 ./Core/Src/stm32h7xx_it.o
                0x080021d0                NMI_Handler
 .text.HardFault_Handler
                0x080021d8        0x8 ./Core/Src/stm32h7xx_it.o
                0x080021d8                HardFault_Handler
 .text.MemManage_Handler
                0x080021e0        0x8 ./Core/Src/stm32h7xx_it.o
                0x080021e0                MemManage_Handler
 .text.BusFault_Handler
                0x080021e8        0x8 ./Core/Src/stm32h7xx_it.o
                0x080021e8                BusFault_Handler
 .text.UsageFault_Handler
                0x080021f0        0x8 ./Core/Src/stm32h7xx_it.o
                0x080021f0                UsageFault_Handler
 .text.SVC_Handler
                0x080021f8        0xe ./Core/Src/stm32h7xx_it.o
                0x080021f8                SVC_Handler
 .text.DebugMon_Handler
                0x08002206        0xe ./Core/Src/stm32h7xx_it.o
                0x08002206                DebugMon_Handler
 .text.PendSV_Handler
                0x08002214        0xe ./Core/Src/stm32h7xx_it.o
                0x08002214                PendSV_Handler
 .text.SysTick_Handler
                0x08002222        0xc ./Core/Src/stm32h7xx_it.o
                0x08002222                SysTick_Handler
 *fill*         0x0800222e        0x2 
 .text.DMA1_Stream0_IRQHandler
                0x08002230       0x14 ./Core/Src/stm32h7xx_it.o
                0x08002230                DMA1_Stream0_IRQHandler
 .text.DMA1_Stream1_IRQHandler
                0x08002244       0x14 ./Core/Src/stm32h7xx_it.o
                0x08002244                DMA1_Stream1_IRQHandler
 .text.DMA1_Stream2_IRQHandler
                0x08002258       0x14 ./Core/Src/stm32h7xx_it.o
                0x08002258                DMA1_Stream2_IRQHandler
 .text.DMA1_Stream3_IRQHandler
                0x0800226c       0x14 ./Core/Src/stm32h7xx_it.o
                0x0800226c                DMA1_Stream3_IRQHandler
 .text.TIM2_IRQHandler
                0x08002280       0x14 ./Core/Src/stm32h7xx_it.o
                0x08002280                TIM2_IRQHandler
 .text.DMA2_Stream1_IRQHandler
                0x08002294       0x14 ./Core/Src/stm32h7xx_it.o
                0x08002294                DMA2_Stream1_IRQHandler
 .text.DMA2_Stream3_IRQHandler
                0x080022a8       0x14 ./Core/Src/stm32h7xx_it.o
                0x080022a8                DMA2_Stream3_IRQHandler
 .text.SPI4_IRQHandler
                0x080022bc       0x14 ./Core/Src/stm32h7xx_it.o
                0x080022bc                SPI4_IRQHandler
 .text.ITM_SendChar
                0x080022d0       0x50 ./Core/Src/syscalls.o
                0x080022d0                ITM_SendChar
 .text._getpid  0x08002320       0x10 ./Core/Src/syscalls.o
                0x08002320                _getpid
 .text._kill    0x08002330       0x20 ./Core/Src/syscalls.o
                0x08002330                _kill
 .text._exit    0x08002350       0x16 ./Core/Src/syscalls.o
                0x08002350                _exit
 .text._read    0x08002366       0x3a ./Core/Src/syscalls.o
                0x08002366                _read
 .text._write   0x080023a0       0x38 ./Core/Src/syscalls.o
                0x080023a0                _write
 .text._close   0x080023d8       0x18 ./Core/Src/syscalls.o
                0x080023d8                _close
 .text._fstat   0x080023f0       0x20 ./Core/Src/syscalls.o
                0x080023f0                _fstat
 .text._isatty  0x08002410       0x16 ./Core/Src/syscalls.o
                0x08002410                _isatty
 .text._lseek   0x08002426       0x1a ./Core/Src/syscalls.o
                0x08002426                _lseek
 .text._sbrk    0x08002440       0x6c ./Core/Src/sysmem.o
                0x08002440                _sbrk
 .text.SystemInit
                0x080024ac      0x140 ./Core/Src/system_stm32h7xx.o
                0x080024ac                SystemInit
 .text.ExitRun0Mode
                0x080025ec       0x30 ./Core/Src/system_stm32h7xx.o
                0x080025ec                ExitRun0Mode
 .text.MX_TIM2_Init
                0x0800261c       0x9c ./Core/Src/tim.o
                0x0800261c                MX_TIM2_Init
 .text.MX_TIM5_Init
                0x080026b8      0x130 ./Core/Src/tim.o
                0x080026b8                MX_TIM5_Init
 .text.HAL_TIM_Base_MspInit
                0x080027e8      0x26c ./Core/Src/tim.o
                0x080027e8                HAL_TIM_Base_MspInit
 .text.HAL_TIM_MspPostInit
                0x08002a54       0x74 ./Core/Src/tim.o
                0x08002a54                HAL_TIM_MspPostInit
 .text.Reset_Handler
                0x08002ac8       0x54 ./Core/Startup/startup_stm32h743vitx.o
                0x08002ac8                Reset_Handler
 .text.Default_Handler
                0x08002b1c        0x2 ./Core/Startup/startup_stm32h743vitx.o
                0x08002b1c                RTC_Alarm_IRQHandler
                0x08002b1c                EXTI2_IRQHandler
                0x08002b1c                TIM8_CC_IRQHandler
                0x08002b1c                HRTIM1_Master_IRQHandler
                0x08002b1c                UART8_IRQHandler
                0x08002b1c                TIM1_CC_IRQHandler
                0x08002b1c                BDMA_Channel6_IRQHandler
                0x08002b1c                DMA2_Stream5_IRQHandler
                0x08002b1c                HRTIM1_FLT_IRQHandler
                0x08002b1c                JPEG_IRQHandler
                0x08002b1c                DMA1_Stream5_IRQHandler
                0x08002b1c                BDMA_Channel1_IRQHandler
                0x08002b1c                HRTIM1_TIMD_IRQHandler
                0x08002b1c                TAMP_STAMP_IRQHandler
                0x08002b1c                EXTI3_IRQHandler
                0x08002b1c                LPTIM4_IRQHandler
                0x08002b1c                TIM8_TRG_COM_TIM14_IRQHandler
                0x08002b1c                LPTIM2_IRQHandler
                0x08002b1c                DFSDM1_FLT1_IRQHandler
                0x08002b1c                DMAMUX2_OVR_IRQHandler
                0x08002b1c                TIM8_UP_TIM13_IRQHandler
                0x08002b1c                I2C3_ER_IRQHandler
                0x08002b1c                DFSDM1_FLT2_IRQHandler
                0x08002b1c                MDMA_IRQHandler
                0x08002b1c                LPTIM3_IRQHandler
                0x08002b1c                HSEM1_IRQHandler
                0x08002b1c                EXTI0_IRQHandler
                0x08002b1c                I2C2_EV_IRQHandler
                0x08002b1c                FPU_IRQHandler
                0x08002b1c                OTG_HS_WKUP_IRQHandler
                0x08002b1c                FDCAN1_IT1_IRQHandler
                0x08002b1c                LTDC_ER_IRQHandler
                0x08002b1c                DMA2_Stream2_IRQHandler
                0x08002b1c                HRTIM1_TIME_IRQHandler
                0x08002b1c                SPI1_IRQHandler
                0x08002b1c                TIM6_DAC_IRQHandler
                0x08002b1c                DCMI_IRQHandler
                0x08002b1c                HRTIM1_TIMC_IRQHandler
                0x08002b1c                SAI2_IRQHandler
                0x08002b1c                DFSDM1_FLT3_IRQHandler
                0x08002b1c                USART6_IRQHandler
                0x08002b1c                TIM17_IRQHandler
                0x08002b1c                USART3_IRQHandler
                0x08002b1c                BDMA_Channel7_IRQHandler
                0x08002b1c                LPTIM5_IRQHandler
                0x08002b1c                UART5_IRQHandler
                0x08002b1c                ADC3_IRQHandler
                0x08002b1c                DMA2_Stream0_IRQHandler
                0x08002b1c                TIM4_IRQHandler
                0x08002b1c                BDMA_Channel2_IRQHandler
                0x08002b1c                QUADSPI_IRQHandler
                0x08002b1c                I2C1_EV_IRQHandler
                0x08002b1c                DMA1_Stream6_IRQHandler
                0x08002b1c                DMAMUX1_OVR_IRQHandler
                0x08002b1c                TIM16_IRQHandler
                0x08002b1c                UART4_IRQHandler
                0x08002b1c                BDMA_Channel5_IRQHandler
                0x08002b1c                TIM3_IRQHandler
                0x08002b1c                RCC_IRQHandler
                0x08002b1c                TIM8_BRK_TIM12_IRQHandler
                0x08002b1c                TIM1_TRG_COM_IRQHandler
                0x08002b1c                Default_Handler
                0x08002b1c                ECC_IRQHandler
                0x08002b1c                CEC_IRQHandler
                0x08002b1c                EXTI15_10_IRQHandler
                0x08002b1c                BDMA_Channel0_IRQHandler
                0x08002b1c                ADC_IRQHandler
                0x08002b1c                DMA1_Stream7_IRQHandler
                0x08002b1c                HRTIM1_TIMA_IRQHandler
                0x08002b1c                SPI5_IRQHandler
                0x08002b1c                TIM7_IRQHandler
                0x08002b1c                SDMMC1_IRQHandler
                0x08002b1c                TIM5_IRQHandler
                0x08002b1c                DMA2_Stream7_IRQHandler
                0x08002b1c                TIM15_IRQHandler
                0x08002b1c                PVD_AVD_IRQHandler
                0x08002b1c                I2C3_EV_IRQHandler
                0x08002b1c                EXTI9_5_IRQHandler
                0x08002b1c                RTC_WKUP_IRQHandler
                0x08002b1c                LTDC_IRQHandler
                0x08002b1c                SAI3_IRQHandler
                0x08002b1c                ETH_WKUP_IRQHandler
                0x08002b1c                SPDIF_RX_IRQHandler
                0x08002b1c                SPI2_IRQHandler
                0x08002b1c                OTG_HS_EP1_IN_IRQHandler
                0x08002b1c                CRS_IRQHandler
                0x08002b1c                EXTI4_IRQHandler
                0x08002b1c                RNG_IRQHandler
                0x08002b1c                HRTIM1_TIMB_IRQHandler
                0x08002b1c                FDCAN2_IT1_IRQHandler
                0x08002b1c                ETH_IRQHandler
                0x08002b1c                TIM1_UP_IRQHandler
                0x08002b1c                BDMA_Channel4_IRQHandler
                0x08002b1c                OTG_HS_EP1_OUT_IRQHandler
                0x08002b1c                WWDG_IRQHandler
                0x08002b1c                SPI6_IRQHandler
                0x08002b1c                MDIOS_IRQHandler
                0x08002b1c                I2C4_EV_IRQHandler
                0x08002b1c                FDCAN2_IT0_IRQHandler
                0x08002b1c                LPUART1_IRQHandler
                0x08002b1c                FDCAN1_IT0_IRQHandler
                0x08002b1c                OTG_FS_WKUP_IRQHandler
                0x08002b1c                OTG_HS_IRQHandler
                0x08002b1c                DMA2D_IRQHandler
                0x08002b1c                TIM1_BRK_IRQHandler
                0x08002b1c                EXTI1_IRQHandler
                0x08002b1c                SDMMC2_IRQHandler
                0x08002b1c                OTG_FS_EP1_OUT_IRQHandler
                0x08002b1c                BDMA_Channel3_IRQHandler
                0x08002b1c                UART7_IRQHandler
                0x08002b1c                MDIOS_WKUP_IRQHandler
                0x08002b1c                USART2_IRQHandler
                0x08002b1c                DFSDM1_FLT0_IRQHandler
                0x08002b1c                SAI4_IRQHandler
                0x08002b1c                I2C2_ER_IRQHandler
                0x08002b1c                FLASH_IRQHandler
                0x08002b1c                DMA2_Stream4_IRQHandler
                0x08002b1c                USART1_IRQHandler
                0x08002b1c                OTG_FS_IRQHandler
                0x08002b1c                SPI3_IRQHandler
                0x08002b1c                WAKEUP_PIN_IRQHandler
                0x08002b1c                DMA1_Stream4_IRQHandler
                0x08002b1c                OTG_FS_EP1_IN_IRQHandler
                0x08002b1c                I2C1_ER_IRQHandler
                0x08002b1c                FMC_IRQHandler
                0x08002b1c                FDCAN_CAL_IRQHandler
                0x08002b1c                SWPMI1_IRQHandler
                0x08002b1c                COMP1_IRQHandler
                0x08002b1c                LPTIM1_IRQHandler
                0x08002b1c                I2C4_ER_IRQHandler
                0x08002b1c                DMA2_Stream6_IRQHandler
                0x08002b1c                SAI1_IRQHandler
 *fill*         0x08002b1e        0x2 
 .text.HAL_Init
                0x08002b20       0x78 ./Drivers/STM32H7xx_HAL_Driver/Src/stm32h7xx_hal.o
                0x08002b20                HAL_Init
 .text.HAL_InitTick
                0x08002b98       0x6c ./Drivers/STM32H7xx_HAL_Driver/Src/stm32h7xx_hal.o
                0x08002b98                HAL_InitTick
 .text.HAL_IncTick
                0x08002c04       0x28 ./Drivers/STM32H7xx_HAL_Driver/Src/stm32h7xx_hal.o
                0x08002c04                HAL_IncTick
 .text.HAL_GetTick
                0x08002c2c       0x18 ./Drivers/STM32H7xx_HAL_Driver/Src/stm32h7xx_hal.o
                0x08002c2c                HAL_GetTick
 .text.HAL_Delay
                0x08002c44       0x48 ./Drivers/STM32H7xx_HAL_Driver/Src/stm32h7xx_hal.o
                0x08002c44                HAL_Delay
 .text.HAL_GetREVID
                0x08002c8c       0x18 ./Drivers/STM32H7xx_HAL_Driver/Src/stm32h7xx_hal.o
                0x08002c8c                HAL_GetREVID
 .text.__NVIC_SetPriorityGrouping
                0x08002ca4       0x48 ./Drivers/STM32H7xx_HAL_Driver/Src/stm32h7xx_hal_cortex.o
 .text.__NVIC_GetPriorityGrouping
                0x08002cec       0x1c ./Drivers/STM32H7xx_HAL_Driver/Src/stm32h7xx_hal_cortex.o
 .text.__NVIC_EnableIRQ
                0x08002d08       0x3c ./Drivers/STM32H7xx_HAL_Driver/Src/stm32h7xx_hal_cortex.o
 .text.__NVIC_SetPriority
                0x08002d44       0x54 ./Drivers/STM32H7xx_HAL_Driver/Src/stm32h7xx_hal_cortex.o
 .text.NVIC_EncodePriority
                0x08002d98       0x66 ./Drivers/STM32H7xx_HAL_Driver/Src/stm32h7xx_hal_cortex.o
 *fill*         0x08002dfe        0x2 
 .text.SysTick_Config
                0x08002e00       0x44 ./Drivers/STM32H7xx_HAL_Driver/Src/stm32h7xx_hal_cortex.o
 .text.HAL_NVIC_SetPriorityGrouping
                0x08002e44       0x16 ./Drivers/STM32H7xx_HAL_Driver/Src/stm32h7xx_hal_cortex.o
                0x08002e44                HAL_NVIC_SetPriorityGrouping
 .text.HAL_NVIC_SetPriority
                0x08002e5a       0x34 ./Drivers/STM32H7xx_HAL_Driver/Src/stm32h7xx_hal_cortex.o
                0x08002e5a                HAL_NVIC_SetPriority
 .text.HAL_NVIC_EnableIRQ
                0x08002e8e       0x1c ./Drivers/STM32H7xx_HAL_Driver/Src/stm32h7xx_hal_cortex.o
                0x08002e8e                HAL_NVIC_EnableIRQ
 .text.HAL_SYSTICK_Config
                0x08002eaa       0x18 ./Drivers/STM32H7xx_HAL_Driver/Src/stm32h7xx_hal_cortex.o
                0x08002eaa                HAL_SYSTICK_Config
 *fill*         0x08002ec2        0x2 
 .text.HAL_DMA_Init
                0x08002ec4      0x6b8 ./Drivers/STM32H7xx_HAL_Driver/Src/stm32h7xx_hal_dma.o
                0x08002ec4                HAL_DMA_Init
 .text.HAL_DMA_Start_IT
                0x0800357c      0x4d4 ./Drivers/STM32H7xx_HAL_Driver/Src/stm32h7xx_hal_dma.o
                0x0800357c                HAL_DMA_Start_IT
 .text.HAL_DMA_Abort
                0x08003a50      0x63c ./Drivers/STM32H7xx_HAL_Driver/Src/stm32h7xx_hal_dma.o
                0x08003a50                HAL_DMA_Abort
 .text.HAL_DMA_Abort_IT
                0x0800408c      0x48c ./Drivers/STM32H7xx_HAL_Driver/Src/stm32h7xx_hal_dma.o
                0x0800408c                HAL_DMA_Abort_IT
 .text.HAL_DMA_IRQHandler
                0x08004518      0xe54 ./Drivers/STM32H7xx_HAL_Driver/Src/stm32h7xx_hal_dma.o
                0x08004518                HAL_DMA_IRQHandler
 .text.HAL_DMA_GetError
                0x0800536c       0x18 ./Drivers/STM32H7xx_HAL_Driver/Src/stm32h7xx_hal_dma.o
                0x0800536c                HAL_DMA_GetError
 .text.DMA_SetConfig
                0x08005384      0x358 ./Drivers/STM32H7xx_HAL_Driver/Src/stm32h7xx_hal_dma.o
 .text.DMA_CalcBaseAndBitshift
                0x080056dc      0x164 ./Drivers/STM32H7xx_HAL_Driver/Src/stm32h7xx_hal_dma.o
 .text.DMA_CheckFifoParam
                0x08005840       0xf8 ./Drivers/STM32H7xx_HAL_Driver/Src/stm32h7xx_hal_dma.o
 .text.DMA_CalcDMAMUXChannelBaseAndMask
                0x08005938      0x134 ./Drivers/STM32H7xx_HAL_Driver/Src/stm32h7xx_hal_dma.o
 .text.DMA_CalcDMAMUXRequestGenBaseAndMask
                0x08005a6c       0xe8 ./Drivers/STM32H7xx_HAL_Driver/Src/stm32h7xx_hal_dma.o
 .text.HAL_GPIO_Init
                0x08005b54      0x360 ./Drivers/STM32H7xx_HAL_Driver/Src/stm32h7xx_hal_gpio.o
                0x08005b54                HAL_GPIO_Init
 .text.HAL_GPIO_WritePin
                0x08005eb4       0x32 ./Drivers/STM32H7xx_HAL_Driver/Src/stm32h7xx_hal_gpio.o
                0x08005eb4                HAL_GPIO_WritePin
 *fill*         0x08005ee6        0x2 
 .text.HAL_PWREx_ConfigSupply
                0x08005ee8       0x74 ./Drivers/STM32H7xx_HAL_Driver/Src/stm32h7xx_hal_pwr_ex.o
                0x08005ee8                HAL_PWREx_ConfigSupply
 .text.HAL_RCC_OscConfig
                0x08005f5c      0x8b4 ./Drivers/STM32H7xx_HAL_Driver/Src/stm32h7xx_hal_rcc.o
                0x08005f5c                HAL_RCC_OscConfig
 .text.HAL_RCC_ClockConfig
                0x08006810      0x36c ./Drivers/STM32H7xx_HAL_Driver/Src/stm32h7xx_hal_rcc.o
                0x08006810                HAL_RCC_ClockConfig
 .text.HAL_RCC_GetSysClockFreq
                0x08006b7c      0x2f4 ./Drivers/STM32H7xx_HAL_Driver/Src/stm32h7xx_hal_rcc.o
                0x08006b7c                HAL_RCC_GetSysClockFreq
 .text.HAL_RCCEx_PeriphCLKConfig
                0x08006e70     0x1414 ./Drivers/STM32H7xx_HAL_Driver/Src/stm32h7xx_hal_rcc_ex.o
                0x08006e70                HAL_RCCEx_PeriphCLKConfig
 .text.RCCEx_PLL2_Config
                0x08008284      0x164 ./Drivers/STM32H7xx_HAL_Driver/Src/stm32h7xx_hal_rcc_ex.o
 .text.RCCEx_PLL3_Config
                0x080083e8      0x164 ./Drivers/STM32H7xx_HAL_Driver/Src/stm32h7xx_hal_rcc_ex.o
 .text.HAL_SPI_Init
                0x0800854c      0x248 ./Drivers/STM32H7xx_HAL_Driver/Src/stm32h7xx_hal_spi.o
                0x0800854c                HAL_SPI_Init
 .text.HAL_SPI_Transmit_DMA
                0x08008794      0x284 ./Drivers/STM32H7xx_HAL_Driver/Src/stm32h7xx_hal_spi.o
                0x08008794                HAL_SPI_Transmit_DMA
 .text.HAL_SPI_TransmitReceive_DMA
                0x08008a18      0x370 ./Drivers/STM32H7xx_HAL_Driver/Src/stm32h7xx_hal_spi.o
                0x08008a18                HAL_SPI_TransmitReceive_DMA
 .text.HAL_SPI_IRQHandler
                0x08008d88      0x39c ./Drivers/STM32H7xx_HAL_Driver/Src/stm32h7xx_hal_spi.o
                0x08008d88                HAL_SPI_IRQHandler
 .text.HAL_SPI_RxCpltCallback
                0x08009124       0x14 ./Drivers/STM32H7xx_HAL_Driver/Src/stm32h7xx_hal_spi.o
                0x08009124                HAL_SPI_RxCpltCallback
 .text.HAL_SPI_TxHalfCpltCallback
                0x08009138       0x14 ./Drivers/STM32H7xx_HAL_Driver/Src/stm32h7xx_hal_spi.o
                0x08009138                HAL_SPI_TxHalfCpltCallback
 .text.HAL_SPI_TxRxHalfCpltCallback
                0x0800914c       0x14 ./Drivers/STM32H7xx_HAL_Driver/Src/stm32h7xx_hal_spi.o
                0x0800914c                HAL_SPI_TxRxHalfCpltCallback
 .text.HAL_SPI_ErrorCallback
                0x08009160       0x14 ./Drivers/STM32H7xx_HAL_Driver/Src/stm32h7xx_hal_spi.o
                0x08009160                HAL_SPI_ErrorCallback
 .text.HAL_SPI_SuspendCallback
                0x08009174       0x14 ./Drivers/STM32H7xx_HAL_Driver/Src/stm32h7xx_hal_spi.o
                0x08009174                HAL_SPI_SuspendCallback
 .text.SPI_DMATransmitCplt
                0x08009188       0x46 ./Drivers/STM32H7xx_HAL_Driver/Src/stm32h7xx_hal_spi.o
 .text.SPI_DMATransmitReceiveCplt
                0x080091ce       0x46 ./Drivers/STM32H7xx_HAL_Driver/Src/stm32h7xx_hal_spi.o
 .text.SPI_DMAHalfTransmitCplt
                0x08009214       0x1c ./Drivers/STM32H7xx_HAL_Driver/Src/stm32h7xx_hal_spi.o
 .text.SPI_DMAHalfTransmitReceiveCplt
                0x08009230       0x1c ./Drivers/STM32H7xx_HAL_Driver/Src/stm32h7xx_hal_spi.o
 .text.SPI_DMAError
                0x0800924c       0x46 ./Drivers/STM32H7xx_HAL_Driver/Src/stm32h7xx_hal_spi.o
 .text.SPI_DMAAbortOnError
                0x08009292       0x34 ./Drivers/STM32H7xx_HAL_Driver/Src/stm32h7xx_hal_spi.o
 *fill*         0x080092c6        0x2 
 .text.SPI_CloseTransfer
                0x080092c8      0x140 ./Drivers/STM32H7xx_HAL_Driver/Src/stm32h7xx_hal_spi.o
 .text.SPI_GetPacketSize
                0x08009408       0x36 ./Drivers/STM32H7xx_HAL_Driver/Src/stm32h7xx_hal_spi.o
 .text.HAL_TIM_Base_Init
                0x0800943e       0xae ./Drivers/STM32H7xx_HAL_Driver/Src/stm32h7xx_hal_tim.o
                0x0800943e                HAL_TIM_Base_Init
 .text.HAL_TIM_Base_Start_IT
                0x080094ec       0xf0 ./Drivers/STM32H7xx_HAL_Driver/Src/stm32h7xx_hal_tim.o
                0x080094ec                HAL_TIM_Base_Start_IT
 .text.HAL_TIM_PWM_Init
                0x080095dc       0xae ./Drivers/STM32H7xx_HAL_Driver/Src/stm32h7xx_hal_tim.o
                0x080095dc                HAL_TIM_PWM_Init
 .text.HAL_TIM_PWM_MspInit
                0x0800968a       0x14 ./Drivers/STM32H7xx_HAL_Driver/Src/stm32h7xx_hal_tim.o
                0x0800968a                HAL_TIM_PWM_MspInit
 *fill*         0x0800969e        0x2 
 .text.HAL_TIM_PWM_Start_DMA
                0x080096a0      0x44c ./Drivers/STM32H7xx_HAL_Driver/Src/stm32h7xx_hal_tim.o
                0x080096a0                HAL_TIM_PWM_Start_DMA
 .text.HAL_TIM_IRQHandler
                0x08009aec      0x20e ./Drivers/STM32H7xx_HAL_Driver/Src/stm32h7xx_hal_tim.o
                0x08009aec                HAL_TIM_IRQHandler
 *fill*         0x08009cfa        0x2 
 .text.HAL_TIM_PWM_ConfigChannel
                0x08009cfc      0x228 ./Drivers/STM32H7xx_HAL_Driver/Src/stm32h7xx_hal_tim.o
                0x08009cfc                HAL_TIM_PWM_ConfigChannel
 .text.HAL_TIM_ConfigClockSource
                0x08009f24      0x1f0 ./Drivers/STM32H7xx_HAL_Driver/Src/stm32h7xx_hal_tim.o
                0x08009f24                HAL_TIM_ConfigClockSource
 .text.HAL_TIM_OC_DelayElapsedCallback
                0x0800a114       0x14 ./Drivers/STM32H7xx_HAL_Driver/Src/stm32h7xx_hal_tim.o
                0x0800a114                HAL_TIM_OC_DelayElapsedCallback
 .text.HAL_TIM_IC_CaptureCallback
                0x0800a128       0x14 ./Drivers/STM32H7xx_HAL_Driver/Src/stm32h7xx_hal_tim.o
                0x0800a128                HAL_TIM_IC_CaptureCallback
 .text.HAL_TIM_PWM_PulseFinishedCallback
                0x0800a13c       0x14 ./Drivers/STM32H7xx_HAL_Driver/Src/stm32h7xx_hal_tim.o
                0x0800a13c                HAL_TIM_PWM_PulseFinishedCallback
 .text.HAL_TIM_TriggerCallback
                0x0800a150       0x14 ./Drivers/STM32H7xx_HAL_Driver/Src/stm32h7xx_hal_tim.o
                0x0800a150                HAL_TIM_TriggerCallback
 .text.HAL_TIM_ErrorCallback
                0x0800a164       0x14 ./Drivers/STM32H7xx_HAL_Driver/Src/stm32h7xx_hal_tim.o
                0x0800a164                HAL_TIM_ErrorCallback
 .text.TIM_DMAError
                0x0800a178       0x92 ./Drivers/STM32H7xx_HAL_Driver/Src/stm32h7xx_hal_tim.o
                0x0800a178                TIM_DMAError
 .text.TIM_DMADelayPulseCplt
                0x0800a20a       0xa8 ./Drivers/STM32H7xx_HAL_Driver/Src/stm32h7xx_hal_tim.o
 .text.TIM_DMADelayPulseHalfCplt
                0x0800a2b2       0x68 ./Drivers/STM32H7xx_HAL_Driver/Src/stm32h7xx_hal_tim.o
                0x0800a2b2                TIM_DMADelayPulseHalfCplt
 *fill*         0x0800a31a        0x2 
 .text.TIM_Base_SetConfig
                0x0800a31c      0x140 ./Drivers/STM32H7xx_HAL_Driver/Src/stm32h7xx_hal_tim.o
                0x0800a31c                TIM_Base_SetConfig
 .text.TIM_OC1_SetConfig
                0x0800a45c      0x120 ./Drivers/STM32H7xx_HAL_Driver/Src/stm32h7xx_hal_tim.o
 .text.TIM_OC2_SetConfig
                0x0800a57c      0x114 ./Drivers/STM32H7xx_HAL_Driver/Src/stm32h7xx_hal_tim.o
                0x0800a57c                TIM_OC2_SetConfig
 .text.TIM_OC3_SetConfig
                0x0800a690      0x110 ./Drivers/STM32H7xx_HAL_Driver/Src/stm32h7xx_hal_tim.o
 .text.TIM_OC4_SetConfig
                0x0800a7a0       0xd4 ./Drivers/STM32H7xx_HAL_Driver/Src/stm32h7xx_hal_tim.o
 .text.TIM_OC5_SetConfig
                0x0800a874       0xc8 ./Drivers/STM32H7xx_HAL_Driver/Src/stm32h7xx_hal_tim.o
 .text.TIM_OC6_SetConfig
                0x0800a93c       0xcc ./Drivers/STM32H7xx_HAL_Driver/Src/stm32h7xx_hal_tim.o
 .text.TIM_TI1_ConfigInputStage
                0x0800aa08       0x5e ./Drivers/STM32H7xx_HAL_Driver/Src/stm32h7xx_hal_tim.o
 .text.TIM_TI2_ConfigInputStage
                0x0800aa66       0x60 ./Drivers/STM32H7xx_HAL_Driver/Src/stm32h7xx_hal_tim.o
 *fill*         0x0800aac6        0x2 
 .text.TIM_ITRx_SetConfig
                0x0800aac8       0x3c ./Drivers/STM32H7xx_HAL_Driver/Src/stm32h7xx_hal_tim.o
 .text.TIM_ETR_SetConfig
                0x0800ab04       0x40 ./Drivers/STM32H7xx_HAL_Driver/Src/stm32h7xx_hal_tim.o
                0x0800ab04                TIM_ETR_SetConfig
 .text.TIM_CCxChannelCmd
                0x0800ab44       0x4a ./Drivers/STM32H7xx_HAL_Driver/Src/stm32h7xx_hal_tim.o
                0x0800ab44                TIM_CCxChannelCmd
 *fill*         0x0800ab8e        0x2 
 .text.HAL_TIMEx_MasterConfigSynchronization
                0x0800ab90      0x11c ./Drivers/STM32H7xx_HAL_Driver/Src/stm32h7xx_hal_tim_ex.o
                0x0800ab90                HAL_TIMEx_MasterConfigSynchronization
 .text.HAL_TIMEx_CommutCallback
                0x0800acac       0x14 ./Drivers/STM32H7xx_HAL_Driver/Src/stm32h7xx_hal_tim_ex.o
                0x0800acac                HAL_TIMEx_CommutCallback
 .text.HAL_TIMEx_BreakCallback
                0x0800acc0       0x14 ./Drivers/STM32H7xx_HAL_Driver/Src/stm32h7xx_hal_tim_ex.o
                0x0800acc0                HAL_TIMEx_BreakCallback
 .text.HAL_TIMEx_Break2Callback
                0x0800acd4       0x14 ./Drivers/STM32H7xx_HAL_Driver/Src/stm32h7xx_hal_tim_ex.o
                0x0800acd4                HAL_TIMEx_Break2Callback
 .text.__cvt    0x0800ace8       0xa8 D:/STM32CubeIDE_1.19.0/STM32CubeIDE/plugins/com.st.stm32cube.ide.mcu.externaltools.gnu-tools-for-stm32.13.3.rel1.win32_1.0.0.202411081344/tools/bin/../lib/gcc/arm-none-eabi/13.3.1/../../../../arm-none-eabi/lib/thumb/v7e-m+dp/hard\libc_nano.a(libc_a-nano-vfprintf_float.o)
                0x0800ace8                __cvt
 .text.__exponent
                0x0800ad90       0x74 D:/STM32CubeIDE_1.19.0/STM32CubeIDE/plugins/com.st.stm32cube.ide.mcu.externaltools.gnu-tools-for-stm32.13.3.rel1.win32_1.0.0.202411081344/tools/bin/../lib/gcc/arm-none-eabi/13.3.1/../../../../arm-none-eabi/lib/thumb/v7e-m+dp/hard\libc_nano.a(libc_a-nano-vfprintf_float.o)
                0x0800ad90                __exponent
 *fill*         0x0800ae04        0x4 
 .text._printf_float
                0x0800ae08      0x434 D:/STM32CubeIDE_1.19.0/STM32CubeIDE/plugins/com.st.stm32cube.ide.mcu.externaltools.gnu-tools-for-stm32.13.3.rel1.win32_1.0.0.202411081344/tools/bin/../lib/gcc/arm-none-eabi/13.3.1/../../../../arm-none-eabi/lib/thumb/v7e-m+dp/hard\libc_nano.a(libc_a-nano-vfprintf_float.o)
                0x0800ae08                _printf_float
 .text._printf_common
                0x0800b23c       0xda D:/STM32CubeIDE_1.19.0/STM32CubeIDE/plugins/com.st.stm32cube.ide.mcu.externaltools.gnu-tools-for-stm32.13.3.rel1.win32_1.0.0.202411081344/tools/bin/../lib/gcc/arm-none-eabi/13.3.1/../../../../arm-none-eabi/lib/thumb/v7e-m+dp/hard\libc_nano.a(libc_a-nano-vfprintf_i.o)
                0x0800b23c                _printf_common
 *fill*         0x0800b316        0x2 
 .text._printf_i
                0x0800b318      0x23c D:/STM32CubeIDE_1.19.0/STM32CubeIDE/plugins/com.st.stm32cube.ide.mcu.externaltools.gnu-tools-for-stm32.13.3.rel1.win32_1.0.0.202411081344/tools/bin/../lib/gcc/arm-none-eabi/13.3.1/../../../../arm-none-eabi/lib/thumb/v7e-m+dp/hard\libc_nano.a(libc_a-nano-vfprintf_i.o)
                0x0800b318                _printf_i
 .text.std      0x0800b554       0x6c D:/STM32CubeIDE_1.19.0/STM32CubeIDE/plugins/com.st.stm32cube.ide.mcu.externaltools.gnu-tools-for-stm32.13.3.rel1.win32_1.0.0.202411081344/tools/bin/../lib/gcc/arm-none-eabi/13.3.1/../../../../arm-none-eabi/lib/thumb/v7e-m+dp/hard\libc_nano.a(libc_a-findfp.o)
 .text.stdio_exit_handler
                0x0800b5c0       0x18 D:/STM32CubeIDE_1.19.0/STM32CubeIDE/plugins/com.st.stm32cube.ide.mcu.externaltools.gnu-tools-for-stm32.13.3.rel1.win32_1.0.0.202411081344/tools/bin/../lib/gcc/arm-none-eabi/13.3.1/../../../../arm-none-eabi/lib/thumb/v7e-m+dp/hard\libc_nano.a(libc_a-findfp.o)
 .text.cleanup_stdio
                0x0800b5d8       0x40 D:/STM32CubeIDE_1.19.0/STM32CubeIDE/plugins/com.st.stm32cube.ide.mcu.externaltools.gnu-tools-for-stm32.13.3.rel1.win32_1.0.0.202411081344/tools/bin/../lib/gcc/arm-none-eabi/13.3.1/../../../../arm-none-eabi/lib/thumb/v7e-m+dp/hard\libc_nano.a(libc_a-findfp.o)
 .text.global_stdio_init.part.0
                0x0800b618       0x3c D:/STM32CubeIDE_1.19.0/STM32CubeIDE/plugins/com.st.stm32cube.ide.mcu.externaltools.gnu-tools-for-stm32.13.3.rel1.win32_1.0.0.202411081344/tools/bin/../lib/gcc/arm-none-eabi/13.3.1/../../../../arm-none-eabi/lib/thumb/v7e-m+dp/hard\libc_nano.a(libc_a-findfp.o)
 .text.__sfp_lock_acquire
                0x0800b654        0xc D:/STM32CubeIDE_1.19.0/STM32CubeIDE/plugins/com.st.stm32cube.ide.mcu.externaltools.gnu-tools-for-stm32.13.3.rel1.win32_1.0.0.202411081344/tools/bin/../lib/gcc/arm-none-eabi/13.3.1/../../../../arm-none-eabi/lib/thumb/v7e-m+dp/hard\libc_nano.a(libc_a-findfp.o)
                0x0800b654                __sfp_lock_acquire
 .text.__sfp_lock_release
                0x0800b660        0xc D:/STM32CubeIDE_1.19.0/STM32CubeIDE/plugins/com.st.stm32cube.ide.mcu.externaltools.gnu-tools-for-stm32.13.3.rel1.win32_1.0.0.202411081344/tools/bin/../lib/gcc/arm-none-eabi/13.3.1/../../../../arm-none-eabi/lib/thumb/v7e-m+dp/hard\libc_nano.a(libc_a-findfp.o)
                0x0800b660                __sfp_lock_release
 .text.__sinit  0x0800b66c       0x30 D:/STM32CubeIDE_1.19.0/STM32CubeIDE/plugins/com.st.stm32cube.ide.mcu.externaltools.gnu-tools-for-stm32.13.3.rel1.win32_1.0.0.202411081344/tools/bin/../lib/gcc/arm-none-eabi/13.3.1/../../../../arm-none-eabi/lib/thumb/v7e-m+dp/hard\libc_nano.a(libc_a-findfp.o)
                0x0800b66c                __sinit
 .text._fwalk_sglue
                0x0800b69c       0x3c D:/STM32CubeIDE_1.19.0/STM32CubeIDE/plugins/com.st.stm32cube.ide.mcu.externaltools.gnu-tools-for-stm32.13.3.rel1.win32_1.0.0.202411081344/tools/bin/../lib/gcc/arm-none-eabi/13.3.1/../../../../arm-none-eabi/lib/thumb/v7e-m+dp/hard\libc_nano.a(libc_a-fwalk.o)
                0x0800b69c                _fwalk_sglue
 .text.printf   0x0800b6d8       0x24 D:/STM32CubeIDE_1.19.0/STM32CubeIDE/plugins/com.st.stm32cube.ide.mcu.externaltools.gnu-tools-for-stm32.13.3.rel1.win32_1.0.0.202411081344/tools/bin/../lib/gcc/arm-none-eabi/13.3.1/../../../../arm-none-eabi/lib/thumb/v7e-m+dp/hard\libc_nano.a(libc_a-printf.o)
                0x0800b6d8                iprintf
                0x0800b6d8                printf
 .text.__sread  0x0800b6fc       0x22 D:/STM32CubeIDE_1.19.0/STM32CubeIDE/plugins/com.st.stm32cube.ide.mcu.externaltools.gnu-tools-for-stm32.13.3.rel1.win32_1.0.0.202411081344/tools/bin/../lib/gcc/arm-none-eabi/13.3.1/../../../../arm-none-eabi/lib/thumb/v7e-m+dp/hard\libc_nano.a(libc_a-stdio.o)
                0x0800b6fc                __sread
 .text.__swrite
                0x0800b71e       0x38 D:/STM32CubeIDE_1.19.0/STM32CubeIDE/plugins/com.st.stm32cube.ide.mcu.externaltools.gnu-tools-for-stm32.13.3.rel1.win32_1.0.0.202411081344/tools/bin/../lib/gcc/arm-none-eabi/13.3.1/../../../../arm-none-eabi/lib/thumb/v7e-m+dp/hard\libc_nano.a(libc_a-stdio.o)
                0x0800b71e                __swrite
 .text.__sseek  0x0800b756       0x24 D:/STM32CubeIDE_1.19.0/STM32CubeIDE/plugins/com.st.stm32cube.ide.mcu.externaltools.gnu-tools-for-stm32.13.3.rel1.win32_1.0.0.202411081344/tools/bin/../lib/gcc/arm-none-eabi/13.3.1/../../../../arm-none-eabi/lib/thumb/v7e-m+dp/hard\libc_nano.a(libc_a-stdio.o)
                0x0800b756                __sseek
 .text.__sclose
                0x0800b77a        0x8 D:/STM32CubeIDE_1.19.0/STM32CubeIDE/plugins/com.st.stm32cube.ide.mcu.externaltools.gnu-tools-for-stm32.13.3.rel1.win32_1.0.0.202411081344/tools/bin/../lib/gcc/arm-none-eabi/13.3.1/../../../../arm-none-eabi/lib/thumb/v7e-m+dp/hard\libc_nano.a(libc_a-stdio.o)
                0x0800b77a                __sclose
 .text.memset   0x0800b782       0x10 D:/STM32CubeIDE_1.19.0/STM32CubeIDE/plugins/com.st.stm32cube.ide.mcu.externaltools.gnu-tools-for-stm32.13.3.rel1.win32_1.0.0.202411081344/tools/bin/../lib/gcc/arm-none-eabi/13.3.1/../../../../arm-none-eabi/lib/thumb/v7e-m+dp/hard\libc_nano.a(libc_a-memset.o)
                0x0800b782                memset
 *fill*         0x0800b792        0x2 
 .text._localeconv_r
                0x0800b794        0x8 D:/STM32CubeIDE_1.19.0/STM32CubeIDE/plugins/com.st.stm32cube.ide.mcu.externaltools.gnu-tools-for-stm32.13.3.rel1.win32_1.0.0.202411081344/tools/bin/../lib/gcc/arm-none-eabi/13.3.1/../../../../arm-none-eabi/lib/thumb/v7e-m+dp/hard\libc_nano.a(libc_a-localeconv.o)
                0x0800b794                _localeconv_r
 .text._close_r
                0x0800b79c       0x20 D:/STM32CubeIDE_1.19.0/STM32CubeIDE/plugins/com.st.stm32cube.ide.mcu.externaltools.gnu-tools-for-stm32.13.3.rel1.win32_1.0.0.202411081344/tools/bin/../lib/gcc/arm-none-eabi/13.3.1/../../../../arm-none-eabi/lib/thumb/v7e-m+dp/hard\libc_nano.a(libc_a-closer.o)
                0x0800b79c                _close_r
 .text._lseek_r
                0x0800b7bc       0x24 D:/STM32CubeIDE_1.19.0/STM32CubeIDE/plugins/com.st.stm32cube.ide.mcu.externaltools.gnu-tools-for-stm32.13.3.rel1.win32_1.0.0.202411081344/tools/bin/../lib/gcc/arm-none-eabi/13.3.1/../../../../arm-none-eabi/lib/thumb/v7e-m+dp/hard\libc_nano.a(libc_a-lseekr.o)
                0x0800b7bc                _lseek_r
 .text._read_r  0x0800b7e0       0x24 D:/STM32CubeIDE_1.19.0/STM32CubeIDE/plugins/com.st.stm32cube.ide.mcu.externaltools.gnu-tools-for-stm32.13.3.rel1.win32_1.0.0.202411081344/tools/bin/../lib/gcc/arm-none-eabi/13.3.1/../../../../arm-none-eabi/lib/thumb/v7e-m+dp/hard\libc_nano.a(libc_a-readr.o)
                0x0800b7e0                _read_r
 .text._write_r
                0x0800b804       0x24 D:/STM32CubeIDE_1.19.0/STM32CubeIDE/plugins/com.st.stm32cube.ide.mcu.externaltools.gnu-tools-for-stm32.13.3.rel1.win32_1.0.0.202411081344/tools/bin/../lib/gcc/arm-none-eabi/13.3.1/../../../../arm-none-eabi/lib/thumb/v7e-m+dp/hard\libc_nano.a(libc_a-writer.o)
                0x0800b804                _write_r
 .text.__errno  0x0800b828        0xc D:/STM32CubeIDE_1.19.0/STM32CubeIDE/plugins/com.st.stm32cube.ide.mcu.externaltools.gnu-tools-for-stm32.13.3.rel1.win32_1.0.0.202411081344/tools/bin/../lib/gcc/arm-none-eabi/13.3.1/../../../../arm-none-eabi/lib/thumb/v7e-m+dp/hard\libc_nano.a(libc_a-errno.o)
                0x0800b828                __errno
 .text.__libc_init_array
                0x0800b834       0x48 D:/STM32CubeIDE_1.19.0/STM32CubeIDE/plugins/com.st.stm32cube.ide.mcu.externaltools.gnu-tools-for-stm32.13.3.rel1.win32_1.0.0.202411081344/tools/bin/../lib/gcc/arm-none-eabi/13.3.1/../../../../arm-none-eabi/lib/thumb/v7e-m+dp/hard\libc_nano.a(libc_a-init.o)
                0x0800b834                __libc_init_array
 .text.__retarget_lock_init_recursive
                0x0800b87c        0x2 D:/STM32CubeIDE_1.19.0/STM32CubeIDE/plugins/com.st.stm32cube.ide.mcu.externaltools.gnu-tools-for-stm32.13.3.rel1.win32_1.0.0.202411081344/tools/bin/../lib/gcc/arm-none-eabi/13.3.1/../../../../arm-none-eabi/lib/thumb/v7e-m+dp/hard\libc_nano.a(libc_a-lock.o)
                0x0800b87c                __retarget_lock_init_recursive
 .text.__retarget_lock_acquire_recursive
                0x0800b87e        0x2 D:/STM32CubeIDE_1.19.0/STM32CubeIDE/plugins/com.st.stm32cube.ide.mcu.externaltools.gnu-tools-for-stm32.13.3.rel1.win32_1.0.0.202411081344/tools/bin/../lib/gcc/arm-none-eabi/13.3.1/../../../../arm-none-eabi/lib/thumb/v7e-m+dp/hard\libc_nano.a(libc_a-lock.o)
                0x0800b87e                __retarget_lock_acquire_recursive
 .text.__retarget_lock_release_recursive
                0x0800b880        0x2 D:/STM32CubeIDE_1.19.0/STM32CubeIDE/plugins/com.st.stm32cube.ide.mcu.externaltools.gnu-tools-for-stm32.13.3.rel1.win32_1.0.0.202411081344/tools/bin/../lib/gcc/arm-none-eabi/13.3.1/../../../../arm-none-eabi/lib/thumb/v7e-m+dp/hard\libc_nano.a(libc_a-lock.o)
                0x0800b880                __retarget_lock_release_recursive
 .text.quorem   0x0800b882      0x110 D:/STM32CubeIDE_1.19.0/STM32CubeIDE/plugins/com.st.stm32cube.ide.mcu.externaltools.gnu-tools-for-stm32.13.3.rel1.win32_1.0.0.202411081344/tools/bin/../lib/gcc/arm-none-eabi/13.3.1/../../../../arm-none-eabi/lib/thumb/v7e-m+dp/hard\libc_nano.a(libc_a-dtoa.o)
 *fill*         0x0800b992        0x6 
 .text._dtoa_r  0x0800b998      0xabc D:/STM32CubeIDE_1.19.0/STM32CubeIDE/plugins/com.st.stm32cube.ide.mcu.externaltools.gnu-tools-for-stm32.13.3.rel1.win32_1.0.0.202411081344/tools/bin/../lib/gcc/arm-none-eabi/13.3.1/../../../../arm-none-eabi/lib/thumb/v7e-m+dp/hard\libc_nano.a(libc_a-dtoa.o)
                0x0800b998                _dtoa_r
 .text._free_r  0x0800c454       0x94 D:/STM32CubeIDE_1.19.0/STM32CubeIDE/plugins/com.st.stm32cube.ide.mcu.externaltools.gnu-tools-for-stm32.13.3.rel1.win32_1.0.0.202411081344/tools/bin/../lib/gcc/arm-none-eabi/13.3.1/../../../../arm-none-eabi/lib/thumb/v7e-m+dp/hard\libc_nano.a(libc_a-freer.o)
                0x0800c454                _free_r
 .text.malloc   0x0800c4e8       0x10 D:/STM32CubeIDE_1.19.0/STM32CubeIDE/plugins/com.st.stm32cube.ide.mcu.externaltools.gnu-tools-for-stm32.13.3.rel1.win32_1.0.0.202411081344/tools/bin/../lib/gcc/arm-none-eabi/13.3.1/../../../../arm-none-eabi/lib/thumb/v7e-m+dp/hard\libc_nano.a(libc_a-malloc.o)
                0x0800c4e8                malloc
 .text.sbrk_aligned
                0x0800c4f8       0x44 D:/STM32CubeIDE_1.19.0/STM32CubeIDE/plugins/com.st.stm32cube.ide.mcu.externaltools.gnu-tools-for-stm32.13.3.rel1.win32_1.0.0.202411081344/tools/bin/../lib/gcc/arm-none-eabi/13.3.1/../../../../arm-none-eabi/lib/thumb/v7e-m+dp/hard\libc_nano.a(libc_a-mallocr.o)
 .text._malloc_r
                0x0800c53c      0x100 D:/STM32CubeIDE_1.19.0/STM32CubeIDE/plugins/com.st.stm32cube.ide.mcu.externaltools.gnu-tools-for-stm32.13.3.rel1.win32_1.0.0.202411081344/tools/bin/../lib/gcc/arm-none-eabi/13.3.1/../../../../arm-none-eabi/lib/thumb/v7e-m+dp/hard\libc_nano.a(libc_a-mallocr.o)
                0x0800c53c                _malloc_r
 .text.__malloc_lock
                0x0800c63c        0xc D:/STM32CubeIDE_1.19.0/STM32CubeIDE/plugins/com.st.stm32cube.ide.mcu.externaltools.gnu-tools-for-stm32.13.3.rel1.win32_1.0.0.202411081344/tools/bin/../lib/gcc/arm-none-eabi/13.3.1/../../../../arm-none-eabi/lib/thumb/v7e-m+dp/hard\libc_nano.a(libc_a-mlock.o)
                0x0800c63c                __malloc_lock
 .text.__malloc_unlock
                0x0800c648        0xc D:/STM32CubeIDE_1.19.0/STM32CubeIDE/plugins/com.st.stm32cube.ide.mcu.externaltools.gnu-tools-for-stm32.13.3.rel1.win32_1.0.0.202411081344/tools/bin/../lib/gcc/arm-none-eabi/13.3.1/../../../../arm-none-eabi/lib/thumb/v7e-m+dp/hard\libc_nano.a(libc_a-mlock.o)
                0x0800c648                __malloc_unlock
 .text._Balloc  0x0800c654       0x80 D:/STM32CubeIDE_1.19.0/STM32CubeIDE/plugins/com.st.stm32cube.ide.mcu.externaltools.gnu-tools-for-stm32.13.3.rel1.win32_1.0.0.202411081344/tools/bin/../lib/gcc/arm-none-eabi/13.3.1/../../../../arm-none-eabi/lib/thumb/v7e-m+dp/hard\libc_nano.a(libc_a-mprec.o)
                0x0800c654                _Balloc
 .text._Bfree   0x0800c6d4       0x44 D:/STM32CubeIDE_1.19.0/STM32CubeIDE/plugins/com.st.stm32cube.ide.mcu.externaltools.gnu-tools-for-stm32.13.3.rel1.win32_1.0.0.202411081344/tools/bin/../lib/gcc/arm-none-eabi/13.3.1/../../../../arm-none-eabi/lib/thumb/v7e-m+dp/hard\libc_nano.a(libc_a-mprec.o)
                0x0800c6d4                _Bfree
 .text.__multadd
                0x0800c718       0x8c D:/STM32CubeIDE_1.19.0/STM32CubeIDE/plugins/com.st.stm32cube.ide.mcu.externaltools.gnu-tools-for-stm32.13.3.rel1.win32_1.0.0.202411081344/tools/bin/../lib/gcc/arm-none-eabi/13.3.1/../../../../arm-none-eabi/lib/thumb/v7e-m+dp/hard\libc_nano.a(libc_a-mprec.o)
                0x0800c718                __multadd
 .text.__hi0bits
                0x0800c7a4       0x3e D:/STM32CubeIDE_1.19.0/STM32CubeIDE/plugins/com.st.stm32cube.ide.mcu.externaltools.gnu-tools-for-stm32.13.3.rel1.win32_1.0.0.202411081344/tools/bin/../lib/gcc/arm-none-eabi/13.3.1/../../../../arm-none-eabi/lib/thumb/v7e-m+dp/hard\libc_nano.a(libc_a-mprec.o)
                0x0800c7a4                __hi0bits
 .text.__lo0bits
                0x0800c7e2       0x5a D:/STM32CubeIDE_1.19.0/STM32CubeIDE/plugins/com.st.stm32cube.ide.mcu.externaltools.gnu-tools-for-stm32.13.3.rel1.win32_1.0.0.202411081344/tools/bin/../lib/gcc/arm-none-eabi/13.3.1/../../../../arm-none-eabi/lib/thumb/v7e-m+dp/hard\libc_nano.a(libc_a-mprec.o)
                0x0800c7e2                __lo0bits
 .text.__i2b    0x0800c83c       0x2c D:/STM32CubeIDE_1.19.0/STM32CubeIDE/plugins/com.st.stm32cube.ide.mcu.externaltools.gnu-tools-for-stm32.13.3.rel1.win32_1.0.0.202411081344/tools/bin/../lib/gcc/arm-none-eabi/13.3.1/../../../../arm-none-eabi/lib/thumb/v7e-m+dp/hard\libc_nano.a(libc_a-mprec.o)
                0x0800c83c                __i2b
 .text.__multiply
                0x0800c868      0x144 D:/STM32CubeIDE_1.19.0/STM32CubeIDE/plugins/com.st.stm32cube.ide.mcu.externaltools.gnu-tools-for-stm32.13.3.rel1.win32_1.0.0.202411081344/tools/bin/../lib/gcc/arm-none-eabi/13.3.1/../../../../arm-none-eabi/lib/thumb/v7e-m+dp/hard\libc_nano.a(libc_a-mprec.o)
                0x0800c868                __multiply
 .text.__pow5mult
                0x0800c9ac       0xb4 D:/STM32CubeIDE_1.19.0/STM32CubeIDE/plugins/com.st.stm32cube.ide.mcu.externaltools.gnu-tools-for-stm32.13.3.rel1.win32_1.0.0.202411081344/tools/bin/../lib/gcc/arm-none-eabi/13.3.1/../../../../arm-none-eabi/lib/thumb/v7e-m+dp/hard\libc_nano.a(libc_a-mprec.o)
                0x0800c9ac                __pow5mult
 .text.__lshift
                0x0800ca60       0xd8 D:/STM32CubeIDE_1.19.0/STM32CubeIDE/plugins/com.st.stm32cube.ide.mcu.externaltools.gnu-tools-for-stm32.13.3.rel1.win32_1.0.0.202411081344/tools/bin/../lib/gcc/arm-none-eabi/13.3.1/../../../../arm-none-eabi/lib/thumb/v7e-m+dp/hard\libc_nano.a(libc_a-mprec.o)
                0x0800ca60                __lshift
 .text.__mcmp   0x0800cb38       0x36 D:/STM32CubeIDE_1.19.0/STM32CubeIDE/plugins/com.st.stm32cube.ide.mcu.externaltools.gnu-tools-for-stm32.13.3.rel1.win32_1.0.0.202411081344/tools/bin/../lib/gcc/arm-none-eabi/13.3.1/../../../../arm-none-eabi/lib/thumb/v7e-m+dp/hard\libc_nano.a(libc_a-mprec.o)
                0x0800cb38                __mcmp
 *fill*         0x0800cb6e        0x2 
 .text.__mdiff  0x0800cb70      0x128 D:/STM32CubeIDE_1.19.0/STM32CubeIDE/plugins/com.st.stm32cube.ide.mcu.externaltools.gnu-tools-for-stm32.13.3.rel1.win32_1.0.0.202411081344/tools/bin/../lib/gcc/arm-none-eabi/13.3.1/../../../../arm-none-eabi/lib/thumb/v7e-m+dp/hard\libc_nano.a(libc_a-mprec.o)
                0x0800cb70                __mdiff
 .text.__d2b    0x0800cc98       0xb0 D:/STM32CubeIDE_1.19.0/STM32CubeIDE/plugins/com.st.stm32cube.ide.mcu.externaltools.gnu-tools-for-stm32.13.3.rel1.win32_1.0.0.202411081344/tools/bin/../lib/gcc/arm-none-eabi/13.3.1/../../../../arm-none-eabi/lib/thumb/v7e-m+dp/hard\libc_nano.a(libc_a-mprec.o)
                0x0800cc98                __d2b
 .text.__sfputc_r
                0x0800cd48       0x2e D:/STM32CubeIDE_1.19.0/STM32CubeIDE/plugins/com.st.stm32cube.ide.mcu.externaltools.gnu-tools-for-stm32.13.3.rel1.win32_1.0.0.202411081344/tools/bin/../lib/gcc/arm-none-eabi/13.3.1/../../../../arm-none-eabi/lib/thumb/v7e-m+dp/hard\libc_nano.a(libc_a-nano-vfprintf.o)
 .text.__sfputs_r
                0x0800cd76       0x24 D:/STM32CubeIDE_1.19.0/STM32CubeIDE/plugins/com.st.stm32cube.ide.mcu.externaltools.gnu-tools-for-stm32.13.3.rel1.win32_1.0.0.202411081344/tools/bin/../lib/gcc/arm-none-eabi/13.3.1/../../../../arm-none-eabi/lib/thumb/v7e-m+dp/hard\libc_nano.a(libc_a-nano-vfprintf.o)
                0x0800cd76                __sfputs_r
 *fill*         0x0800cd9a        0x2 
 .text._vfprintf_r
                0x0800cd9c      0x230 D:/STM32CubeIDE_1.19.0/STM32CubeIDE/plugins/com.st.stm32cube.ide.mcu.externaltools.gnu-tools-for-stm32.13.3.rel1.win32_1.0.0.202411081344/tools/bin/../lib/gcc/arm-none-eabi/13.3.1/../../../../arm-none-eabi/lib/thumb/v7e-m+dp/hard\libc_nano.a(libc_a-nano-vfprintf.o)
                0x0800cd9c                _vfprintf_r
                0x0800cd9c                _vfiprintf_r
 .text.__sflush_r
                0x0800cfcc      0x108 D:/STM32CubeIDE_1.19.0/STM32CubeIDE/plugins/com.st.stm32cube.ide.mcu.externaltools.gnu-tools-for-stm32.13.3.rel1.win32_1.0.0.202411081344/tools/bin/../lib/gcc/arm-none-eabi/13.3.1/../../../../arm-none-eabi/lib/thumb/v7e-m+dp/hard\libc_nano.a(libc_a-fflush.o)
                0x0800cfcc                __sflush_r
 .text._fflush_r
                0x0800d0d4       0x50 D:/STM32CubeIDE_1.19.0/STM32CubeIDE/plugins/com.st.stm32cube.ide.mcu.externaltools.gnu-tools-for-stm32.13.3.rel1.win32_1.0.0.202411081344/tools/bin/../lib/gcc/arm-none-eabi/13.3.1/../../../../arm-none-eabi/lib/thumb/v7e-m+dp/hard\libc_nano.a(libc_a-fflush.o)
                0x0800d0d4                _fflush_r
 .text.__swbuf_r
                0x0800d124       0x7c D:/STM32CubeIDE_1.19.0/STM32CubeIDE/plugins/com.st.stm32cube.ide.mcu.externaltools.gnu-tools-for-stm32.13.3.rel1.win32_1.0.0.202411081344/tools/bin/../lib/gcc/arm-none-eabi/13.3.1/../../../../arm-none-eabi/lib/thumb/v7e-m+dp/hard\libc_nano.a(libc_a-wbuf.o)
                0x0800d124                __swbuf_r
 .text.__swsetup_r
                0x0800d1a0       0xac D:/STM32CubeIDE_1.19.0/STM32CubeIDE/plugins/com.st.stm32cube.ide.mcu.externaltools.gnu-tools-for-stm32.13.3.rel1.win32_1.0.0.202411081344/tools/bin/../lib/gcc/arm-none-eabi/13.3.1/../../../../arm-none-eabi/lib/thumb/v7e-m+dp/hard\libc_nano.a(libc_a-wsetup.o)
                0x0800d1a0                __swsetup_r
 .text._sbrk_r  0x0800d24c       0x20 D:/STM32CubeIDE_1.19.0/STM32CubeIDE/plugins/com.st.stm32cube.ide.mcu.externaltools.gnu-tools-for-stm32.13.3.rel1.win32_1.0.0.202411081344/tools/bin/../lib/gcc/arm-none-eabi/13.3.1/../../../../arm-none-eabi/lib/thumb/v7e-m+dp/hard\libc_nano.a(libc_a-sbrkr.o)
                0x0800d24c                _sbrk_r
 .text.memcpy   0x0800d26c       0x1c D:/STM32CubeIDE_1.19.0/STM32CubeIDE/plugins/com.st.stm32cube.ide.mcu.externaltools.gnu-tools-for-stm32.13.3.rel1.win32_1.0.0.202411081344/tools/bin/../lib/gcc/arm-none-eabi/13.3.1/../../../../arm-none-eabi/lib/thumb/v7e-m+dp/hard\libc_nano.a(libc_a-memcpy-stub.o)
                0x0800d26c                memcpy
 .text.__assert_func
                0x0800d288       0x3c D:/STM32CubeIDE_1.19.0/STM32CubeIDE/plugins/com.st.stm32cube.ide.mcu.externaltools.gnu-tools-for-stm32.13.3.rel1.win32_1.0.0.202411081344/tools/bin/../lib/gcc/arm-none-eabi/13.3.1/../../../../arm-none-eabi/lib/thumb/v7e-m+dp/hard\libc_nano.a(libc_a-assert.o)
                0x0800d288                __assert_func
 .text._calloc_r
                0x0800d2c4       0x28 D:/STM32CubeIDE_1.19.0/STM32CubeIDE/plugins/com.st.stm32cube.ide.mcu.externaltools.gnu-tools-for-stm32.13.3.rel1.win32_1.0.0.202411081344/tools/bin/../lib/gcc/arm-none-eabi/13.3.1/../../../../arm-none-eabi/lib/thumb/v7e-m+dp/hard\libc_nano.a(libc_a-callocr.o)
                0x0800d2c4                _calloc_r
 .text.__ascii_mbtowc
                0x0800d2ec       0x24 D:/STM32CubeIDE_1.19.0/STM32CubeIDE/plugins/com.st.stm32cube.ide.mcu.externaltools.gnu-tools-for-stm32.13.3.rel1.win32_1.0.0.202411081344/tools/bin/../lib/gcc/arm-none-eabi/13.3.1/../../../../arm-none-eabi/lib/thumb/v7e-m+dp/hard\libc_nano.a(libc_a-mbtowc_r.o)
                0x0800d2ec                __ascii_mbtowc
 .text.__ascii_wctomb
                0x0800d310       0x1a D:/STM32CubeIDE_1.19.0/STM32CubeIDE/plugins/com.st.stm32cube.ide.mcu.externaltools.gnu-tools-for-stm32.13.3.rel1.win32_1.0.0.202411081344/tools/bin/../lib/gcc/arm-none-eabi/13.3.1/../../../../arm-none-eabi/lib/thumb/v7e-m+dp/hard\libc_nano.a(libc_a-wctomb_r.o)
                0x0800d310                __ascii_wctomb
 *fill*         0x0800d32a        0x2 
 .text.fprintf  0x0800d32c       0x24 D:/STM32CubeIDE_1.19.0/STM32CubeIDE/plugins/com.st.stm32cube.ide.mcu.externaltools.gnu-tools-for-stm32.13.3.rel1.win32_1.0.0.202411081344/tools/bin/../lib/gcc/arm-none-eabi/13.3.1/../../../../arm-none-eabi/lib/thumb/v7e-m+dp/hard\libc_nano.a(libc_a-fprintf.o)
                0x0800d32c                fiprintf
                0x0800d32c                fprintf
 .text.__swhatbuf_r
                0x0800d350       0x4c D:/STM32CubeIDE_1.19.0/STM32CubeIDE/plugins/com.st.stm32cube.ide.mcu.externaltools.gnu-tools-for-stm32.13.3.rel1.win32_1.0.0.202411081344/tools/bin/../lib/gcc/arm-none-eabi/13.3.1/../../../../arm-none-eabi/lib/thumb/v7e-m+dp/hard\libc_nano.a(libc_a-makebuf.o)
                0x0800d350                __swhatbuf_r
 .text.__smakebuf_r
                0x0800d39c       0x78 D:/STM32CubeIDE_1.19.0/STM32CubeIDE/plugins/com.st.stm32cube.ide.mcu.externaltools.gnu-tools-for-stm32.13.3.rel1.win32_1.0.0.202411081344/tools/bin/../lib/gcc/arm-none-eabi/13.3.1/../../../../arm-none-eabi/lib/thumb/v7e-m+dp/hard\libc_nano.a(libc_a-makebuf.o)
                0x0800d39c                __smakebuf_r
 .text._fstat_r
                0x0800d414       0x24 D:/STM32CubeIDE_1.19.0/STM32CubeIDE/plugins/com.st.stm32cube.ide.mcu.externaltools.gnu-tools-for-stm32.13.3.rel1.win32_1.0.0.202411081344/tools/bin/../lib/gcc/arm-none-eabi/13.3.1/../../../../arm-none-eabi/lib/thumb/v7e-m+dp/hard\libc_nano.a(libc_a-fstatr.o)
                0x0800d414                _fstat_r
 .text._isatty_r
                0x0800d438       0x20 D:/STM32CubeIDE_1.19.0/STM32CubeIDE/plugins/com.st.stm32cube.ide.mcu.externaltools.gnu-tools-for-stm32.13.3.rel1.win32_1.0.0.202411081344/tools/bin/../lib/gcc/arm-none-eabi/13.3.1/../../../../arm-none-eabi/lib/thumb/v7e-m+dp/hard\libc_nano.a(libc_a-isattyr.o)
                0x0800d438                _isatty_r
 .text.abort    0x0800d458        0xe D:/STM32CubeIDE_1.19.0/STM32CubeIDE/plugins/com.st.stm32cube.ide.mcu.externaltools.gnu-tools-for-stm32.13.3.rel1.win32_1.0.0.202411081344/tools/bin/../lib/gcc/arm-none-eabi/13.3.1/../../../../arm-none-eabi/lib/thumb/v7e-m+dp/hard\libc_nano.a(libc_a-abort.o)
                0x0800d458                abort
 .text._raise_r
                0x0800d466       0x50 D:/STM32CubeIDE_1.19.0/STM32CubeIDE/plugins/com.st.stm32cube.ide.mcu.externaltools.gnu-tools-for-stm32.13.3.rel1.win32_1.0.0.202411081344/tools/bin/../lib/gcc/arm-none-eabi/13.3.1/../../../../arm-none-eabi/lib/thumb/v7e-m+dp/hard\libc_nano.a(libc_a-signal.o)
                0x0800d466                _raise_r
 *fill*         0x0800d4b6        0x2 
 .text.raise    0x0800d4b8       0x10 D:/STM32CubeIDE_1.19.0/STM32CubeIDE/plugins/com.st.stm32cube.ide.mcu.externaltools.gnu-tools-for-stm32.13.3.rel1.win32_1.0.0.202411081344/tools/bin/../lib/gcc/arm-none-eabi/13.3.1/../../../../arm-none-eabi/lib/thumb/v7e-m+dp/hard\libc_nano.a(libc_a-signal.o)
                0x0800d4b8                raise
 .text._kill_r  0x0800d4c8       0x24 D:/STM32CubeIDE_1.19.0/STM32CubeIDE/plugins/com.st.stm32cube.ide.mcu.externaltools.gnu-tools-for-stm32.13.3.rel1.win32_1.0.0.202411081344/tools/bin/../lib/gcc/arm-none-eabi/13.3.1/../../../../arm-none-eabi/lib/thumb/v7e-m+dp/hard\libc_nano.a(libc_a-signalr.o)
                0x0800d4c8                _kill_r
 .text._getpid_r
                0x0800d4ec        0x4 D:/STM32CubeIDE_1.19.0/STM32CubeIDE/plugins/com.st.stm32cube.ide.mcu.externaltools.gnu-tools-for-stm32.13.3.rel1.win32_1.0.0.202411081344/tools/bin/../lib/gcc/arm-none-eabi/13.3.1/../../../../arm-none-eabi/lib/thumb/v7e-m+dp/hard\libc_nano.a(libc_a-signalr.o)
                0x0800d4ec                _getpid_r
 .text.atan2f   0x0800d4f0        0x4 D:/STM32CubeIDE_1.19.0/STM32CubeIDE/plugins/com.st.stm32cube.ide.mcu.externaltools.gnu-tools-for-stm32.13.3.rel1.win32_1.0.0.202411081344/tools/bin/../lib/gcc/arm-none-eabi/13.3.1/../../../../arm-none-eabi/lib/thumb/v7e-m+dp/hard\libm.a(libm_a-wf_atan2.o)
                0x0800d4f0                atan2f
 .text.sqrtf    0x0800d4f4       0x3c D:/STM32CubeIDE_1.19.0/STM32CubeIDE/plugins/com.st.stm32cube.ide.mcu.externaltools.gnu-tools-for-stm32.13.3.rel1.win32_1.0.0.202411081344/tools/bin/../lib/gcc/arm-none-eabi/13.3.1/../../../../arm-none-eabi/lib/thumb/v7e-m+dp/hard\libm.a(libm_a-wf_sqrt.o)
                0x0800d4f4                sqrtf
 .text.tanf     0x0800d530       0x58 D:/STM32CubeIDE_1.19.0/STM32CubeIDE/plugins/com.st.stm32cube.ide.mcu.externaltools.gnu-tools-for-stm32.13.3.rel1.win32_1.0.0.202411081344/tools/bin/../lib/gcc/arm-none-eabi/13.3.1/../../../../arm-none-eabi/lib/thumb/v7e-m+dp/hard\libm.a(libm_a-sf_tan.o)
                0x0800d530                tanf
 .text.sinf_poly
                0x0800d588       0x54 D:/STM32CubeIDE_1.19.0/STM32CubeIDE/plugins/com.st.stm32cube.ide.mcu.externaltools.gnu-tools-for-stm32.13.3.rel1.win32_1.0.0.202411081344/tools/bin/../lib/gcc/arm-none-eabi/13.3.1/../../../../arm-none-eabi/lib/thumb/v7e-m+dp/hard\libm.a(libm_a-sinf.o)
 *fill*         0x0800d5dc        0x4 
 .text.sinf     0x0800d5e0      0x130 D:/STM32CubeIDE_1.19.0/STM32CubeIDE/plugins/com.st.stm32cube.ide.mcu.externaltools.gnu-tools-for-stm32.13.3.rel1.win32_1.0.0.202411081344/tools/bin/../lib/gcc/arm-none-eabi/13.3.1/../../../../arm-none-eabi/lib/thumb/v7e-m+dp/hard\libm.a(libm_a-sinf.o)
                0x0800d5e0                sinf
 .text.sinf_poly
                0x0800d710       0x54 D:/STM32CubeIDE_1.19.0/STM32CubeIDE/plugins/com.st.stm32cube.ide.mcu.externaltools.gnu-tools-for-stm32.13.3.rel1.win32_1.0.0.202411081344/tools/bin/../lib/gcc/arm-none-eabi/13.3.1/../../../../arm-none-eabi/lib/thumb/v7e-m+dp/hard\libm.a(libm_a-cosf.o)
 *fill*         0x0800d764        0x4 
 .text.cosf     0x0800d768      0x140 D:/STM32CubeIDE_1.19.0/STM32CubeIDE/plugins/com.st.stm32cube.ide.mcu.externaltools.gnu-tools-for-stm32.13.3.rel1.win32_1.0.0.202411081344/tools/bin/../lib/gcc/arm-none-eabi/13.3.1/../../../../arm-none-eabi/lib/thumb/v7e-m+dp/hard\libm.a(libm_a-cosf.o)
                0x0800d768                cosf
 .text.with_errnof
                0x0800d8a8       0x1c D:/STM32CubeIDE_1.19.0/STM32CubeIDE/plugins/com.st.stm32cube.ide.mcu.externaltools.gnu-tools-for-stm32.13.3.rel1.win32_1.0.0.202411081344/tools/bin/../lib/gcc/arm-none-eabi/13.3.1/../../../../arm-none-eabi/lib/thumb/v7e-m+dp/hard\libm.a(libm_a-math_errf.o)
 .text.__math_invalidf
                0x0800d8c4       0x1e D:/STM32CubeIDE_1.19.0/STM32CubeIDE/plugins/com.st.stm32cube.ide.mcu.externaltools.gnu-tools-for-stm32.13.3.rel1.win32_1.0.0.202411081344/tools/bin/../lib/gcc/arm-none-eabi/13.3.1/../../../../arm-none-eabi/lib/thumb/v7e-m+dp/hard\libm.a(libm_a-math_errf.o)
                0x0800d8c4                __math_invalidf
 .text.__ieee754_sqrtf
                0x0800d8e2        0x6 D:/STM32CubeIDE_1.19.0/STM32CubeIDE/plugins/com.st.stm32cube.ide.mcu.externaltools.gnu-tools-for-stm32.13.3.rel1.win32_1.0.0.202411081344/tools/bin/../lib/gcc/arm-none-eabi/13.3.1/../../../../arm-none-eabi/lib/thumb/v7e-m+dp/hard\libm.a(libm_a-ef_sqrt.o)
                0x0800d8e2                __ieee754_sqrtf
 .text.__kernel_tanf
                0x0800d8e8      0x1c0 D:/STM32CubeIDE_1.19.0/STM32CubeIDE/plugins/com.st.stm32cube.ide.mcu.externaltools.gnu-tools-for-stm32.13.3.rel1.win32_1.0.0.202411081344/tools/bin/../lib/gcc/arm-none-eabi/13.3.1/../../../../arm-none-eabi/lib/thumb/v7e-m+dp/hard\libm.a(libm_a-kf_tan.o)
                0x0800d8e8                __kernel_tanf
 .text.__ieee754_atan2f
                0x0800daa8      0x13c D:/STM32CubeIDE_1.19.0/STM32CubeIDE/plugins/com.st.stm32cube.ide.mcu.externaltools.gnu-tools-for-stm32.13.3.rel1.win32_1.0.0.202411081344/tools/bin/../lib/gcc/arm-none-eabi/13.3.1/../../../../arm-none-eabi/lib/thumb/v7e-m+dp/hard\libm.a(libm_a-ef_atan2.o)
                0x0800daa8                __ieee754_atan2f
 .text.__ieee754_rem_pio2f
                0x0800dbe4      0x260 D:/STM32CubeIDE_1.19.0/STM32CubeIDE/plugins/com.st.stm32cube.ide.mcu.externaltools.gnu-tools-for-stm32.13.3.rel1.win32_1.0.0.202411081344/tools/bin/../lib/gcc/arm-none-eabi/13.3.1/../../../../arm-none-eabi/lib/thumb/v7e-m+dp/hard\libm.a(libm_a-ef_rem_pio2.o)
                0x0800dbe4                __ieee754_rem_pio2f
 .text.atanf    0x0800de44      0x1a8 D:/STM32CubeIDE_1.19.0/STM32CubeIDE/plugins/com.st.stm32cube.ide.mcu.externaltools.gnu-tools-for-stm32.13.3.rel1.win32_1.0.0.202411081344/tools/bin/../lib/gcc/arm-none-eabi/13.3.1/../../../../arm-none-eabi/lib/thumb/v7e-m+dp/hard\libm.a(libm_a-sf_atan.o)
                0x0800de44                atanf
 .text.fabsf    0x0800dfec        0xe D:/STM32CubeIDE_1.19.0/STM32CubeIDE/plugins/com.st.stm32cube.ide.mcu.externaltools.gnu-tools-for-stm32.13.3.rel1.win32_1.0.0.202411081344/tools/bin/../lib/gcc/arm-none-eabi/13.3.1/../../../../arm-none-eabi/lib/thumb/v7e-m+dp/hard\libm.a(libm_a-sf_fabs.o)
                0x0800dfec                fabsf
 *fill*         0x0800dffa        0x2 
 .text.__kernel_rem_pio2f
                0x0800dffc      0x4d0 D:/STM32CubeIDE_1.19.0/STM32CubeIDE/plugins/com.st.stm32cube.ide.mcu.externaltools.gnu-tools-for-stm32.13.3.rel1.win32_1.0.0.202411081344/tools/bin/../lib/gcc/arm-none-eabi/13.3.1/../../../../arm-none-eabi/lib/thumb/v7e-m+dp/hard\libm.a(libm_a-kf_rem_pio2.o)
                0x0800dffc                __kernel_rem_pio2f
 .text.scalbnf  0x0800e4cc       0xc8 D:/STM32CubeIDE_1.19.0/STM32CubeIDE/plugins/com.st.stm32cube.ide.mcu.externaltools.gnu-tools-for-stm32.13.3.rel1.win32_1.0.0.202411081344/tools/bin/../lib/gcc/arm-none-eabi/13.3.1/../../../../arm-none-eabi/lib/thumb/v7e-m+dp/hard\libm.a(libm_a-sf_scalbn.o)
                0x0800e4cc                scalbnf
 .text.floorf   0x0800e594       0x88 D:/STM32CubeIDE_1.19.0/STM32CubeIDE/plugins/com.st.stm32cube.ide.mcu.externaltools.gnu-tools-for-stm32.13.3.rel1.win32_1.0.0.202411081344/tools/bin/../lib/gcc/arm-none-eabi/13.3.1/../../../../arm-none-eabi/lib/thumb/v7e-m+dp/hard\libm.a(libm_a-sf_floor.o)
                0x0800e594                floorf
 *(.glue_7)
 .glue_7        0x0800e61c        0x0 linker stubs
 *(.glue_7t)
 .glue_7t       0x0800e61c        0x0 linker stubs
 *(.eh_frame)
 .eh_frame      0x0800e61c        0x0 D:/STM32CubeIDE_1.19.0/STM32CubeIDE/plugins/com.st.stm32cube.ide.mcu.externaltools.gnu-tools-for-stm32.13.3.rel1.win32_1.0.0.202411081344/tools/bin/../lib/gcc/arm-none-eabi/13.3.1/thumb/v7e-m+dp/hard/crtbegin.o
 *(.init)
 .init          0x0800e61c        0x4 D:/STM32CubeIDE_1.19.0/STM32CubeIDE/plugins/com.st.stm32cube.ide.mcu.externaltools.gnu-tools-for-stm32.13.3.rel1.win32_1.0.0.202411081344/tools/bin/../lib/gcc/arm-none-eabi/13.3.1/thumb/v7e-m+dp/hard/crti.o
                0x0800e61c                _init
 .init          0x0800e620        0x8 D:/STM32CubeIDE_1.19.0/STM32CubeIDE/plugins/com.st.stm32cube.ide.mcu.externaltools.gnu-tools-for-stm32.13.3.rel1.win32_1.0.0.202411081344/tools/bin/../lib/gcc/arm-none-eabi/13.3.1/thumb/v7e-m+dp/hard/crtn.o
 *(.fini)
 .fini          0x0800e628        0x4 D:/STM32CubeIDE_1.19.0/STM32CubeIDE/plugins/com.st.stm32cube.ide.mcu.externaltools.gnu-tools-for-stm32.13.3.rel1.win32_1.0.0.202411081344/tools/bin/../lib/gcc/arm-none-eabi/13.3.1/thumb/v7e-m+dp/hard/crti.o
                0x0800e628                _fini
 .fini          0x0800e62c        0x8 D:/STM32CubeIDE_1.19.0/STM32CubeIDE/plugins/com.st.stm32cube.ide.mcu.externaltools.gnu-tools-for-stm32.13.3.rel1.win32_1.0.0.202411081344/tools/bin/../lib/gcc/arm-none-eabi/13.3.1/thumb/v7e-m+dp/hard/crtn.o
                0x0800e634                        . = ALIGN (0x4)
                0x0800e634                        _etext = .

.vfp11_veneer   0x0800e634        0x0
 .vfp11_veneer  0x0800e634        0x0 linker stubs

.v4_bx          0x0800e634        0x0
 .v4_bx         0x0800e634        0x0 linker stubs

.iplt           0x0800e634        0x0
 .iplt          0x0800e634        0x0 D:/STM32CubeIDE_1.19.0/STM32CubeIDE/plugins/com.st.stm32cube.ide.mcu.externaltools.gnu-tools-for-stm32.13.3.rel1.win32_1.0.0.202411081344/tools/bin/../lib/gcc/arm-none-eabi/13.3.1/thumb/v7e-m+dp/hard/crtbegin.o

.rodata         0x0800e638      0x8e8
                0x0800e638                        . = ALIGN (0x4)
 *(.rodata)
 .rodata        0x0800e638        0xe ./Core/Src/mpu6000.o
 *(.rodata*)
 *fill*         0x0800e646        0x2 
 .rodata.D1CorePrescTable
                0x0800e648       0x10 ./Core/Src/system_stm32h7xx.o
                0x0800e648                D1CorePrescTable
 .rodata.flagBitshiftOffset.0
                0x0800e658        0x8 ./Drivers/STM32H7xx_HAL_Driver/Src/stm32h7xx_hal_dma.o
 .rodata._printf_float.str1.1
                0x0800e660      0x171 D:/STM32CubeIDE_1.19.0/STM32CubeIDE/plugins/com.st.stm32cube.ide.mcu.externaltools.gnu-tools-for-stm32.13.3.rel1.win32_1.0.0.202411081344/tools/bin/../lib/gcc/arm-none-eabi/13.3.1/../../../../arm-none-eabi/lib/thumb/v7e-m+dp/hard\libc_nano.a(libc_a-nano-vfprintf_float.o)
                                 0x12 (size before relaxing)
 .rodata._printf_i.str1.1
                0x0800e7d1       0x22 D:/STM32CubeIDE_1.19.0/STM32CubeIDE/plugins/com.st.stm32cube.ide.mcu.externaltools.gnu-tools-for-stm32.13.3.rel1.win32_1.0.0.202411081344/tools/bin/../lib/gcc/arm-none-eabi/13.3.1/../../../../arm-none-eabi/lib/thumb/v7e-m+dp/hard\libc_nano.a(libc_a-nano-vfprintf_i.o)
 .rodata._dtoa_r.str1.1
                0x0800e7d1       0x8f D:/STM32CubeIDE_1.19.0/STM32CubeIDE/plugins/com.st.stm32cube.ide.mcu.externaltools.gnu-tools-for-stm32.13.3.rel1.win32_1.0.0.202411081344/tools/bin/../lib/gcc/arm-none-eabi/13.3.1/../../../../arm-none-eabi/lib/thumb/v7e-m+dp/hard\libc_nano.a(libc_a-dtoa.o)
 .rodata._Balloc.str1.1
                0x0800e7d1       0x70 D:/STM32CubeIDE_1.19.0/STM32CubeIDE/plugins/com.st.stm32cube.ide.mcu.externaltools.gnu-tools-for-stm32.13.3.rel1.win32_1.0.0.202411081344/tools/bin/../lib/gcc/arm-none-eabi/13.3.1/../../../../arm-none-eabi/lib/thumb/v7e-m+dp/hard\libc_nano.a(libc_a-mprec.o)
 .rodata.__multadd.str1.1
                0x0800e7d1       0x11 D:/STM32CubeIDE_1.19.0/STM32CubeIDE/plugins/com.st.stm32cube.ide.mcu.externaltools.gnu-tools-for-stm32.13.3.rel1.win32_1.0.0.202411081344/tools/bin/../lib/gcc/arm-none-eabi/13.3.1/../../../../arm-none-eabi/lib/thumb/v7e-m+dp/hard\libc_nano.a(libc_a-mprec.o)
 *fill*         0x0800e7d1        0x3 
 .rodata.p05.0  0x0800e7d4        0xc D:/STM32CubeIDE_1.19.0/STM32CubeIDE/plugins/com.st.stm32cube.ide.mcu.externaltools.gnu-tools-for-stm32.13.3.rel1.win32_1.0.0.202411081344/tools/bin/../lib/gcc/arm-none-eabi/13.3.1/../../../../arm-none-eabi/lib/thumb/v7e-m+dp/hard\libc_nano.a(libc_a-mprec.o)
 .rodata.__mprec_bigtens
                0x0800e7e0       0x28 D:/STM32CubeIDE_1.19.0/STM32CubeIDE/plugins/com.st.stm32cube.ide.mcu.externaltools.gnu-tools-for-stm32.13.3.rel1.win32_1.0.0.202411081344/tools/bin/../lib/gcc/arm-none-eabi/13.3.1/../../../../arm-none-eabi/lib/thumb/v7e-m+dp/hard\libc_nano.a(libc_a-mprec.o)
                0x0800e7e0                __mprec_bigtens
 .rodata.__mprec_tens
                0x0800e808       0xc8 D:/STM32CubeIDE_1.19.0/STM32CubeIDE/plugins/com.st.stm32cube.ide.mcu.externaltools.gnu-tools-for-stm32.13.3.rel1.win32_1.0.0.202411081344/tools/bin/../lib/gcc/arm-none-eabi/13.3.1/../../../../arm-none-eabi/lib/thumb/v7e-m+dp/hard\libc_nano.a(libc_a-mprec.o)
                0x0800e808                __mprec_tens
 .rodata._vfprintf_r.str1.1
                0x0800e8d0       0x11 D:/STM32CubeIDE_1.19.0/STM32CubeIDE/plugins/com.st.stm32cube.ide.mcu.externaltools.gnu-tools-for-stm32.13.3.rel1.win32_1.0.0.202411081344/tools/bin/../lib/gcc/arm-none-eabi/13.3.1/../../../../arm-none-eabi/lib/thumb/v7e-m+dp/hard\libc_nano.a(libc_a-nano-vfprintf.o)
 .rodata._setlocale_r.str1.1
                0x0800e8d0        0x9 D:/STM32CubeIDE_1.19.0/STM32CubeIDE/plugins/com.st.stm32cube.ide.mcu.externaltools.gnu-tools-for-stm32.13.3.rel1.win32_1.0.0.202411081344/tools/bin/../lib/gcc/arm-none-eabi/13.3.1/../../../../arm-none-eabi/lib/thumb/v7e-m+dp/hard\libc_nano.a(libc_a-locale.o)
 .rodata.str1.1
                0x0800e8d0        0x2 D:/STM32CubeIDE_1.19.0/STM32CubeIDE/plugins/com.st.stm32cube.ide.mcu.externaltools.gnu-tools-for-stm32.13.3.rel1.win32_1.0.0.202411081344/tools/bin/../lib/gcc/arm-none-eabi/13.3.1/../../../../arm-none-eabi/lib/thumb/v7e-m+dp/hard\libc_nano.a(libc_a-locale.o)
 .rodata.__assert_func.str1.1
                0x0800e8d0       0x3d D:/STM32CubeIDE_1.19.0/STM32CubeIDE/plugins/com.st.stm32cube.ide.mcu.externaltools.gnu-tools-for-stm32.13.3.rel1.win32_1.0.0.202411081344/tools/bin/../lib/gcc/arm-none-eabi/13.3.1/../../../../arm-none-eabi/lib/thumb/v7e-m+dp/hard\libc_nano.a(libc_a-assert.o)
 .rodata._ctype_
                0x0800e8d0      0x101 D:/STM32CubeIDE_1.19.0/STM32CubeIDE/plugins/com.st.stm32cube.ide.mcu.externaltools.gnu-tools-for-stm32.13.3.rel1.win32_1.0.0.202411081344/tools/bin/../lib/gcc/arm-none-eabi/13.3.1/../../../../arm-none-eabi/lib/thumb/v7e-m+dp/hard\libc_nano.a(libc_a-ctype_.o)
                0x0800e8d0                _ctype_
 *fill*         0x0800e9d1        0x3 
 .rodata.__inv_pio4
                0x0800e9d4       0x60 D:/STM32CubeIDE_1.19.0/STM32CubeIDE/plugins/com.st.stm32cube.ide.mcu.externaltools.gnu-tools-for-stm32.13.3.rel1.win32_1.0.0.202411081344/tools/bin/../lib/gcc/arm-none-eabi/13.3.1/../../../../arm-none-eabi/lib/thumb/v7e-m+dp/hard\libm.a(libm_a-sincosf_data.o)
                0x0800e9d4                __inv_pio4
 *fill*         0x0800ea34        0x4 
 .rodata.__sincosf_table
                0x0800ea38       0xe0 D:/STM32CubeIDE_1.19.0/STM32CubeIDE/plugins/com.st.stm32cube.ide.mcu.externaltools.gnu-tools-for-stm32.13.3.rel1.win32_1.0.0.202411081344/tools/bin/../lib/gcc/arm-none-eabi/13.3.1/../../../../arm-none-eabi/lib/thumb/v7e-m+dp/hard\libm.a(libm_a-sincosf_data.o)
                0x0800ea38                __sincosf_table
 .rodata.CSWTCH.9
                0x0800eb18        0xc D:/STM32CubeIDE_1.19.0/STM32CubeIDE/plugins/com.st.stm32cube.ide.mcu.externaltools.gnu-tools-for-stm32.13.3.rel1.win32_1.0.0.202411081344/tools/bin/../lib/gcc/arm-none-eabi/13.3.1/../../../../arm-none-eabi/lib/thumb/v7e-m+dp/hard\libm.a(libm_a-ef_atan2.o)
 .rodata.CSWTCH.8
                0x0800eb24        0xc D:/STM32CubeIDE_1.19.0/STM32CubeIDE/plugins/com.st.stm32cube.ide.mcu.externaltools.gnu-tools-for-stm32.13.3.rel1.win32_1.0.0.202411081344/tools/bin/../lib/gcc/arm-none-eabi/13.3.1/../../../../arm-none-eabi/lib/thumb/v7e-m+dp/hard\libm.a(libm_a-ef_atan2.o)
 .rodata.npio2_hw
                0x0800eb30       0x80 D:/STM32CubeIDE_1.19.0/STM32CubeIDE/plugins/com.st.stm32cube.ide.mcu.externaltools.gnu-tools-for-stm32.13.3.rel1.win32_1.0.0.202411081344/tools/bin/../lib/gcc/arm-none-eabi/13.3.1/../../../../arm-none-eabi/lib/thumb/v7e-m+dp/hard\libm.a(libm_a-ef_rem_pio2.o)
 .rodata.two_over_pi
                0x0800ebb0      0x318 D:/STM32CubeIDE_1.19.0/STM32CubeIDE/plugins/com.st.stm32cube.ide.mcu.externaltools.gnu-tools-for-stm32.13.3.rel1.win32_1.0.0.202411081344/tools/bin/../lib/gcc/arm-none-eabi/13.3.1/../../../../arm-none-eabi/lib/thumb/v7e-m+dp/hard\libm.a(libm_a-ef_rem_pio2.o)
 .rodata.atanlo
                0x0800eec8       0x10 D:/STM32CubeIDE_1.19.0/STM32CubeIDE/plugins/com.st.stm32cube.ide.mcu.externaltools.gnu-tools-for-stm32.13.3.rel1.win32_1.0.0.202411081344/tools/bin/../lib/gcc/arm-none-eabi/13.3.1/../../../../arm-none-eabi/lib/thumb/v7e-m+dp/hard\libm.a(libm_a-sf_atan.o)
 .rodata.atanhi
                0x0800eed8       0x10 D:/STM32CubeIDE_1.19.0/STM32CubeIDE/plugins/com.st.stm32cube.ide.mcu.externaltools.gnu-tools-for-stm32.13.3.rel1.win32_1.0.0.202411081344/tools/bin/../lib/gcc/arm-none-eabi/13.3.1/../../../../arm-none-eabi/lib/thumb/v7e-m+dp/hard\libm.a(libm_a-sf_atan.o)
 .rodata.PIo2   0x0800eee8       0x2c D:/STM32CubeIDE_1.19.0/STM32CubeIDE/plugins/com.st.stm32cube.ide.mcu.externaltools.gnu-tools-for-stm32.13.3.rel1.win32_1.0.0.202411081344/tools/bin/../lib/gcc/arm-none-eabi/13.3.1/../../../../arm-none-eabi/lib/thumb/v7e-m+dp/hard\libm.a(libm_a-kf_rem_pio2.o)
 .rodata.init_jk
                0x0800ef14        0xc D:/STM32CubeIDE_1.19.0/STM32CubeIDE/plugins/com.st.stm32cube.ide.mcu.externaltools.gnu-tools-for-stm32.13.3.rel1.win32_1.0.0.202411081344/tools/bin/../lib/gcc/arm-none-eabi/13.3.1/../../../../arm-none-eabi/lib/thumb/v7e-m+dp/hard\libm.a(libm_a-kf_rem_pio2.o)
                0x0800ef20                        . = ALIGN (0x4)

.ARM.extab
 *(.ARM.extab* .gnu.linkonce.armextab.*)

.ARM            0x0800ef20        0x8
                0x0800ef20                        __exidx_start = .
 *(.ARM.exidx*)
 .ARM.exidx     0x0800ef20        0x8 D:/STM32CubeIDE_1.19.0/STM32CubeIDE/plugins/com.st.stm32cube.ide.mcu.externaltools.gnu-tools-for-stm32.13.3.rel1.win32_1.0.0.202411081344/tools/bin/../lib/gcc/arm-none-eabi/13.3.1/../../../../arm-none-eabi/lib/thumb/v7e-m+dp/hard\libc_nano.a(libc_a-memchr.o)
 .ARM.exidx     0x0800ef28        0x0 D:/STM32CubeIDE_1.19.0/STM32CubeIDE/plugins/com.st.stm32cube.ide.mcu.externaltools.gnu-tools-for-stm32.13.3.rel1.win32_1.0.0.202411081344/tools/bin/../lib/gcc/arm-none-eabi/13.3.1/../../../../arm-none-eabi/lib/thumb/v7e-m+dp/hard\libc_nano.a(libc_a-strlen.o)
                                  0x8 (size before relaxing)
                0x0800ef28                        __exidx_end = .

.preinit_array  0x0800ef28        0x0
                0x0800ef28                        PROVIDE (__preinit_array_start = .)
 *(.preinit_array*)
                0x0800ef28                        PROVIDE (__preinit_array_end = .)

.init_array     0x0800ef28        0x4
                0x0800ef28                        PROVIDE (__init_array_start = .)
 *(SORT_BY_NAME(.init_array.*))
 *(.init_array*)
 .init_array    0x0800ef28        0x4 D:/STM32CubeIDE_1.19.0/STM32CubeIDE/plugins/com.st.stm32cube.ide.mcu.externaltools.gnu-tools-for-stm32.13.3.rel1.win32_1.0.0.202411081344/tools/bin/../lib/gcc/arm-none-eabi/13.3.1/thumb/v7e-m+dp/hard/crtbegin.o
                0x0800ef2c                        PROVIDE (__init_array_end = .)

.fini_array     0x0800ef2c        0x4
                [!provide]                        PROVIDE (__fini_array_start = .)
 *(SORT_BY_NAME(.fini_array.*))
 *(.fini_array*)
 .fini_array    0x0800ef2c        0x4 D:/STM32CubeIDE_1.19.0/STM32CubeIDE/plugins/com.st.stm32cube.ide.mcu.externaltools.gnu-tools-for-stm32.13.3.rel1.win32_1.0.0.202411081344/tools/bin/../lib/gcc/arm-none-eabi/13.3.1/thumb/v7e-m+dp/hard/crtbegin.o
                [!provide]                        PROVIDE (__fini_array_end = .)
                0x0800ef30                        _sidata = LOADADDR (.data)

.rel.dyn        0x0800ef30        0x0
 .rel.iplt      0x0800ef30        0x0 D:/STM32CubeIDE_1.19.0/STM32CubeIDE/plugins/com.st.stm32cube.ide.mcu.externaltools.gnu-tools-for-stm32.13.3.rel1.win32_1.0.0.202411081344/tools/bin/../lib/gcc/arm-none-eabi/13.3.1/thumb/v7e-m+dp/hard/crtbegin.o

.data           0x24000000      0x1e0 load address 0x0800ef30
                0x24000000                        . = ALIGN (0x4)
                0x24000000                        _sdata = .
 *(.data)
 *(.data*)
 .data.dt       0x24000000        0x4 ./Core/Src/main.o
                0x24000000                dt
 .data.throttle
                0x24000004        0x2 ./Core/Src/main.o
                0x24000004                throttle
 *fill*         0x24000006        0x2 
 .data.SystemCoreClock
                0x24000008        0x4 ./Core/Src/system_stm32h7xx.o
                0x24000008                SystemCoreClock
 .data.SystemD2Clock
                0x2400000c        0x4 ./Core/Src/system_stm32h7xx.o
                0x2400000c                SystemD2Clock
 .data.uwTickPrio
                0x24000010        0x4 ./Drivers/STM32H7xx_HAL_Driver/Src/stm32h7xx_hal.o
                0x24000010                uwTickPrio
 .data.uwTickFreq
                0x24000014        0x1 ./Drivers/STM32H7xx_HAL_Driver/Src/stm32h7xx_hal.o
                0x24000014                uwTickFreq
 *fill*         0x24000015        0x3 
 .data.__sglue  0x24000018        0xc D:/STM32CubeIDE_1.19.0/STM32CubeIDE/plugins/com.st.stm32cube.ide.mcu.externaltools.gnu-tools-for-stm32.13.3.rel1.win32_1.0.0.202411081344/tools/bin/../lib/gcc/arm-none-eabi/13.3.1/../../../../arm-none-eabi/lib/thumb/v7e-m+dp/hard\libc_nano.a(libc_a-findfp.o)
                0x24000018                __sglue
 .data._impure_ptr
                0x24000024        0x4 D:/STM32CubeIDE_1.19.0/STM32CubeIDE/plugins/com.st.stm32cube.ide.mcu.externaltools.gnu-tools-for-stm32.13.3.rel1.win32_1.0.0.202411081344/tools/bin/../lib/gcc/arm-none-eabi/13.3.1/../../../../arm-none-eabi/lib/thumb/v7e-m+dp/hard\libc_nano.a(libc_a-impure.o)
                0x24000024                _impure_ptr
 .data._impure_data
                0x24000028       0x4c D:/STM32CubeIDE_1.19.0/STM32CubeIDE/plugins/com.st.stm32cube.ide.mcu.externaltools.gnu-tools-for-stm32.13.3.rel1.win32_1.0.0.202411081344/tools/bin/../lib/gcc/arm-none-eabi/13.3.1/../../../../arm-none-eabi/lib/thumb/v7e-m+dp/hard\libc_nano.a(libc_a-impure.o)
                0x24000028                _impure_data
 .data.__global_locale
                0x24000074      0x16c D:/STM32CubeIDE_1.19.0/STM32CubeIDE/plugins/com.st.stm32cube.ide.mcu.externaltools.gnu-tools-for-stm32.13.3.rel1.win32_1.0.0.202411081344/tools/bin/../lib/gcc/arm-none-eabi/13.3.1/../../../../arm-none-eabi/lib/thumb/v7e-m+dp/hard\libc_nano.a(libc_a-locale.o)
                0x24000074                __global_locale
 *(.RamFunc)
 *(.RamFunc*)
                0x240001e0                        . = ALIGN (0x4)
                0x240001e0                        _edata = .

.igot.plt       0x240001e0        0x0 load address 0x0800f110
 .igot.plt      0x240001e0        0x0 D:/STM32CubeIDE_1.19.0/STM32CubeIDE/plugins/com.st.stm32cube.ide.mcu.externaltools.gnu-tools-for-stm32.13.3.rel1.win32_1.0.0.202411081344/tools/bin/../lib/gcc/arm-none-eabi/13.3.1/thumb/v7e-m+dp/hard/crtbegin.o
                0x240001e0                        . = ALIGN (0x4)

.bss            0x240001e0      0xa90 load address 0x0800f110
                0x240001e0                        _sbss = .
                0x240001e0                        __bss_start__ = _sbss
 *(.bss)
 .bss           0x240001e0       0x1c D:/STM32CubeIDE_1.19.0/STM32CubeIDE/plugins/com.st.stm32cube.ide.mcu.externaltools.gnu-tools-for-stm32.13.3.rel1.win32_1.0.0.202411081344/tools/bin/../lib/gcc/arm-none-eabi/13.3.1/thumb/v7e-m+dp/hard/crtbegin.o
 *(.bss*)
 .bss.acc_x     0x240001fc        0x4 ./Core/Src/main.o
                0x240001fc                acc_x
 .bss.acc_y     0x24000200        0x4 ./Core/Src/main.o
                0x24000200                acc_y
 .bss.acc_z     0x24000204        0x4 ./Core/Src/main.o
                0x24000204                acc_z
 .bss.gyro_p    0x24000208        0x4 ./Core/Src/main.o
                0x24000208                gyro_p
 .bss.gyro_q    0x2400020c        0x4 ./Core/Src/main.o
                0x2400020c                gyro_q
 .bss.gyro_r    0x24000210        0x4 ./Core/Src/main.o
                0x24000210                gyro_r
 .bss.pitch_target
                0x24000214        0x4 ./Core/Src/main.o
                0x24000214                pitch_target
 .bss.roll_target
                0x24000218        0x4 ./Core/Src/main.o
                0x24000218                roll_target
 .bss.yaw_target
                0x2400021c        0x4 ./Core/Src/main.o
                0x2400021c                yaw_target
 .bss.pitch     0x24000220        0x4 ./Core/Src/main.o
                0x24000220                pitch
 .bss.roll      0x24000224        0x4 ./Core/Src/main.o
                0x24000224                roll
 .bss.yaw       0x24000228        0x4 ./Core/Src/main.o
                0x24000228                yaw
 .bss.roll_rad  0x2400022c        0x4 ./Core/Src/main.o
                0x2400022c                roll_rad
 .bss.pitch_rad
                0x24000230        0x4 ./Core/Src/main.o
                0x24000230                pitch_rad
 .bss.yaw_rad   0x24000234        0x4 ./Core/Src/main.o
                0x24000234                yaw_rad
 .bss.PID_Controller_Roll
                0x24000238       0x60 ./Core/Src/main.o
                0x24000238                PID_Controller_Roll
 .bss.PID_Controller_Pitch
                0x24000298       0x60 ./Core/Src/main.o
                0x24000298                PID_Controller_Pitch
 .bss.PID_Controller_Yaw
                0x240002f8       0x30 ./Core/Src/main.o
                0x240002f8                PID_Controller_Yaw
 .bss.PID_Controller_Yaw_Rate
                0x24000328       0x30 ./Core/Src/main.o
                0x24000328                PID_Controller_Yaw_Rate
 .bss.mpu       0x24000358       0x5c ./Core/Src/main.o
                0x24000358                mpu
 .bss.rollHat_acc_rad
                0x240003b4        0x4 ./Core/Src/main.o
                0x240003b4                rollHat_acc_rad
 .bss.pitchHat_acc_rad
                0x240003b8        0x4 ./Core/Src/main.o
                0x240003b8                pitchHat_acc_rad
 .bss.acc_filtered
                0x240003bc       0x30 ./Core/Src/main.o
                0x240003bc                acc_filtered
 .bss.gyro_filtered
                0x240003ec       0x30 ./Core/Src/main.o
                0x240003ec                gyro_filtered
 .bss.DShot_MemoryBufferMotor1
                0x2400041c       0x40 ./Core/Src/main.o
                0x2400041c                DShot_MemoryBufferMotor1
 .bss.DShot_DMABufferMotor1
                0x2400045c       0x80 ./Core/Src/main.o
                0x2400045c                DShot_DMABufferMotor1
 .bss.DShot_MemoryBufferMotor2
                0x240004dc       0x40 ./Core/Src/main.o
                0x240004dc                DShot_MemoryBufferMotor2
 .bss.DShot_DMABufferMotor2
                0x2400051c       0x80 ./Core/Src/main.o
                0x2400051c                DShot_DMABufferMotor2
 .bss.DShot_MemoryBufferMotor3
                0x2400059c       0x40 ./Core/Src/main.o
                0x2400059c                DShot_MemoryBufferMotor3
 .bss.DShot_DMABufferMotor3
                0x240005dc       0x80 ./Core/Src/main.o
                0x240005dc                DShot_DMABufferMotor3
 .bss.DShot_MemoryBufferMotor4
                0x2400065c       0x40 ./Core/Src/main.o
                0x2400065c                DShot_MemoryBufferMotor4
 .bss.DShot_DMABufferMotor4
                0x2400069c       0x80 ./Core/Src/main.o
                0x2400069c                DShot_DMABufferMotor4
 .bss.m1        0x2400071c        0x4 ./Core/Src/main.o
                0x2400071c                m1
 .bss.m2        0x24000720        0x4 ./Core/Src/main.o
                0x24000720                m2
 .bss.m3        0x24000724        0x4 ./Core/Src/main.o
                0x24000724                m3
 .bss.m4        0x24000728        0x4 ./Core/Src/main.o
                0x24000728                m4
 .bss.hspi4     0x2400072c       0x88 ./Core/Src/spi.o
                0x2400072c                hspi4
 .bss.hdma_spi4_rx
                0x240007b4       0x78 ./Core/Src/spi.o
                0x240007b4                hdma_spi4_rx
 .bss.hdma_spi4_tx
                0x2400082c       0x78 ./Core/Src/spi.o
                0x2400082c                hdma_spi4_tx
 .bss.__sbrk_heap_end
                0x240008a4        0x4 ./Core/Src/sysmem.o
 .bss.htim2     0x240008a8       0x4c ./Core/Src/tim.o
                0x240008a8                htim2
 .bss.htim5     0x240008f4       0x4c ./Core/Src/tim.o
                0x240008f4                htim5
 .bss.hdma_tim5_ch1
                0x24000940       0x78 ./Core/Src/tim.o
                0x24000940                hdma_tim5_ch1
 .bss.hdma_tim5_ch2
                0x240009b8       0x78 ./Core/Src/tim.o
                0x240009b8                hdma_tim5_ch2
 .bss.hdma_tim5_ch3