../Core/Src/main.c:113:6:HAL_SPI_TxCpltCallback	16	static
../Core/Src/main.c:119:6:HAL_SPI_TxRxCpltCallback	16	static
../Core/Src/main.c:125:6:HAL_TIM_PeriodElapsedCallback	16	static
../Core/Src/main.c:136:6:HAL_TIM_PWM_PulseFinishedHalfCpltCallback	24	static
../Core/Src/main.c:168:7:get_pitch	24	static
../Core/Src/main.c:172:7:get_roll	16	static
../Core/Src/main.c:176:6:init_PIDs	8	static
../Core/Src/main.c:196:5:main	72	static
../Core/Src/main.c:330:6:SystemClock_Config	120	static
../Core/Src/main.c:392:6:Error_Handler	4	static,ignoring_inline_asm
